TimeQuest Timing Analyzer report for processinho
Wed Nov  9 15:58:31 2016
Quartus II 64-Bit Version 13.0.1 Build 232 06/12/2013 Service Pack 1.78 SJ Web Edition


---------------------
; Table of Contents ;
---------------------
  1. Legal Notice
  2. TimeQuest Timing Analyzer Summary
  3. Parallel Compilation
  4. Clocks
  5. Slow Model Fmax Summary
  6. Slow Model Setup Summary
  7. Slow Model Hold Summary
  8. Slow Model Recovery Summary
  9. Slow Model Removal Summary
 10. Slow Model Minimum Pulse Width Summary
 11. Slow Model Minimum Pulse Width: 'clock'
 12. Setup Times
 13. Hold Times
 14. Clock to Output Times
 15. Minimum Clock to Output Times
 16. Propagation Delay
 17. Minimum Propagation Delay
 18. Fast Model Setup Summary
 19. Fast Model Hold Summary
 20. Fast Model Recovery Summary
 21. Fast Model Removal Summary
 22. Fast Model Minimum Pulse Width Summary
 23. Fast Model Minimum Pulse Width: 'clock'
 24. Setup Times
 25. Hold Times
 26. Clock to Output Times
 27. Minimum Clock to Output Times
 28. Propagation Delay
 29. Minimum Propagation Delay
 30. Multicorner Timing Analysis Summary
 31. Setup Times
 32. Hold Times
 33. Clock to Output Times
 34. Minimum Clock to Output Times
 35. Progagation Delay
 36. Minimum Progagation Delay
 37. Clock Transfers
 38. Report TCCS
 39. Report RSKM
 40. Unconstrained Paths
 41. TimeQuest Timing Analyzer Messages



----------------
; Legal Notice ;
----------------
Copyright (C) 1991-2013 Altera Corporation
Your use of Altera Corporation's design tools, logic functions 
and other software and tools, and its AMPP partner logic 
functions, and any output files from any of the foregoing 
(including device programming or simulation files), and any 
associated documentation or information are expressly subject 
to the terms and conditions of the Altera Program License 
Subscription Agreement, Altera MegaCore Function License 
Agreement, or other applicable license agreement, including, 
without limitation, that your use is for the sole purpose of 
programming logic devices manufactured by Altera and sold by 
Altera or its authorized distributors.  Please refer to the 
applicable agreement for further details.



+-------------------------------------------------------------------------------------------+
; TimeQuest Timing Analyzer Summary                                                         ;
+--------------------+----------------------------------------------------------------------+
; Quartus II Version ; Version 13.0.1 Build 232 06/12/2013 Service Pack 1.78 SJ Web Edition ;
; Revision Name      ; processinho                                                          ;
; Device Family      ; Cyclone II                                                           ;
; Device Name        ; EP2C20F484C7                                                         ;
; Timing Models      ; Final                                                                ;
; Delay Model        ; Combined                                                             ;
; Rise/Fall Delays   ; Unavailable                                                          ;
+--------------------+----------------------------------------------------------------------+


Parallel compilation was disabled, but you have multiple processors available. Enable parallel compilation to reduce compilation time.
+-------------------------------------+
; Parallel Compilation                ;
+----------------------------+--------+
; Processors                 ; Number ;
+----------------------------+--------+
; Number detected on machine ; 8      ;
; Maximum allowed            ; 1      ;
+----------------------------+--------+


+-----------------------------------------------------------------------------------------------------------------------------------------------------------------------------------+
; Clocks                                                                                                                                                                            ;
+------------+------+--------+------------+-------+-------+------------+-----------+-------------+-------+--------+-----------+------------+----------+--------+--------+-----------+
; Clock Name ; Type ; Period ; Frequency  ; Rise  ; Fall  ; Duty Cycle ; Divide by ; Multiply by ; Phase ; Offset ; Edge List ; Edge Shift ; Inverted ; Master ; Source ; Targets   ;
+------------+------+--------+------------+-------+-------+------------+-----------+-------------+-------+--------+-----------+------------+----------+--------+--------+-----------+
; clock      ; Base ; 1.000  ; 1000.0 MHz ; 0.000 ; 0.500 ;            ;           ;             ;       ;        ;           ;            ;          ;        ;        ; { clock } ;
+------------+------+--------+------------+-------+-------+------------+-----------+-------------+-------+--------+-----------+------------+----------+--------+--------+-----------+


---------------------------
; Slow Model Fmax Summary ;
---------------------------
No paths to report.


----------------------------
; Slow Model Setup Summary ;
----------------------------
No paths to report.


---------------------------
; Slow Model Hold Summary ;
---------------------------
No paths to report.


-------------------------------
; Slow Model Recovery Summary ;
-------------------------------
No paths to report.


------------------------------
; Slow Model Removal Summary ;
------------------------------
No paths to report.


+----------------------------------------+
; Slow Model Minimum Pulse Width Summary ;
+-------+--------+-----------------------+
; Clock ; Slack  ; End Point TNS         ;
+-------+--------+-----------------------+
; clock ; -1.631 ; -10.185               ;
+-------+--------+-----------------------+


+--------------------------------------------------------------------------------------------------------------------+
; Slow Model Minimum Pulse Width: 'clock'                                                                            ;
+--------+--------------+----------------+------------------+-------+------------+-----------------------------------+
; Slack  ; Actual Width ; Required Width ; Type             ; Clock ; Clock Edge ; Target                            ;
+--------+--------------+----------------+------------------+-------+------------+-----------------------------------+
; -1.631 ; 1.000        ; 2.631          ; Port Rate        ; clock ; Rise       ; clock                             ;
; -0.611 ; 0.500        ; 1.111          ; High Pulse Width ; clock ; Rise       ; general_register:regA|valueOut[0] ;
; -0.611 ; 0.500        ; 1.111          ; Low Pulse Width  ; clock ; Rise       ; general_register:regA|valueOut[0] ;
; -0.611 ; 0.500        ; 1.111          ; High Pulse Width ; clock ; Rise       ; general_register:regA|valueOut[1] ;
; -0.611 ; 0.500        ; 1.111          ; Low Pulse Width  ; clock ; Rise       ; general_register:regA|valueOut[1] ;
; -0.611 ; 0.500        ; 1.111          ; High Pulse Width ; clock ; Rise       ; general_register:regA|valueOut[2] ;
; -0.611 ; 0.500        ; 1.111          ; Low Pulse Width  ; clock ; Rise       ; general_register:regA|valueOut[2] ;
; -0.611 ; 0.500        ; 1.111          ; High Pulse Width ; clock ; Rise       ; general_register:regA|valueOut[3] ;
; -0.611 ; 0.500        ; 1.111          ; Low Pulse Width  ; clock ; Rise       ; general_register:regA|valueOut[3] ;
; -0.611 ; 0.500        ; 1.111          ; High Pulse Width ; clock ; Rise       ; general_register:regB|valueOut[0] ;
; -0.611 ; 0.500        ; 1.111          ; Low Pulse Width  ; clock ; Rise       ; general_register:regB|valueOut[0] ;
; -0.611 ; 0.500        ; 1.111          ; High Pulse Width ; clock ; Rise       ; general_register:regB|valueOut[1] ;
; -0.611 ; 0.500        ; 1.111          ; Low Pulse Width  ; clock ; Rise       ; general_register:regB|valueOut[1] ;
; -0.611 ; 0.500        ; 1.111          ; High Pulse Width ; clock ; Rise       ; general_register:regB|valueOut[2] ;
; -0.611 ; 0.500        ; 1.111          ; Low Pulse Width  ; clock ; Rise       ; general_register:regB|valueOut[2] ;
; 0.500  ; 0.500        ; 0.000          ; High Pulse Width ; clock ; Rise       ; clock|combout                     ;
; 0.500  ; 0.500        ; 0.000          ; Low Pulse Width  ; clock ; Rise       ; clock|combout                     ;
; 0.500  ; 0.500        ; 0.000          ; High Pulse Width ; clock ; Rise       ; clock~clkctrl|inclk[0]            ;
; 0.500  ; 0.500        ; 0.000          ; Low Pulse Width  ; clock ; Rise       ; clock~clkctrl|inclk[0]            ;
; 0.500  ; 0.500        ; 0.000          ; High Pulse Width ; clock ; Rise       ; clock~clkctrl|outclk              ;
; 0.500  ; 0.500        ; 0.000          ; Low Pulse Width  ; clock ; Rise       ; clock~clkctrl|outclk              ;
; 0.500  ; 0.500        ; 0.000          ; High Pulse Width ; clock ; Rise       ; regA|valueOut[0]|clk              ;
; 0.500  ; 0.500        ; 0.000          ; Low Pulse Width  ; clock ; Rise       ; regA|valueOut[0]|clk              ;
; 0.500  ; 0.500        ; 0.000          ; High Pulse Width ; clock ; Rise       ; regA|valueOut[1]|clk              ;
; 0.500  ; 0.500        ; 0.000          ; Low Pulse Width  ; clock ; Rise       ; regA|valueOut[1]|clk              ;
; 0.500  ; 0.500        ; 0.000          ; High Pulse Width ; clock ; Rise       ; regA|valueOut[2]|clk              ;
; 0.500  ; 0.500        ; 0.000          ; Low Pulse Width  ; clock ; Rise       ; regA|valueOut[2]|clk              ;
; 0.500  ; 0.500        ; 0.000          ; High Pulse Width ; clock ; Rise       ; regA|valueOut[3]|clk              ;
; 0.500  ; 0.500        ; 0.000          ; Low Pulse Width  ; clock ; Rise       ; regA|valueOut[3]|clk              ;
; 0.500  ; 0.500        ; 0.000          ; High Pulse Width ; clock ; Rise       ; regB|valueOut[0]|clk              ;
; 0.500  ; 0.500        ; 0.000          ; Low Pulse Width  ; clock ; Rise       ; regB|valueOut[0]|clk              ;
; 0.500  ; 0.500        ; 0.000          ; High Pulse Width ; clock ; Rise       ; regB|valueOut[1]|clk              ;
; 0.500  ; 0.500        ; 0.000          ; Low Pulse Width  ; clock ; Rise       ; regB|valueOut[1]|clk              ;
; 0.500  ; 0.500        ; 0.000          ; High Pulse Width ; clock ; Rise       ; regB|valueOut[2]|clk              ;
; 0.500  ; 0.500        ; 0.000          ; Low Pulse Width  ; clock ; Rise       ; regB|valueOut[2]|clk              ;
+--------+--------------+----------------+------------------+-------+------------+-----------------------------------+


+----------------------------------------------------------------------------+
; Setup Times                                                                ;
+--------------+------------+--------+--------+------------+-----------------+
; Data Port    ; Clock Port ; Rise   ; Fall   ; Clock Edge ; Clock Reference ;
+--------------+------------+--------+--------+------------+-----------------+
; operando[*]  ; clock      ; 0.456  ; 0.456  ; Rise       ; clock           ;
;  operando[0] ; clock      ; -0.249 ; -0.249 ; Rise       ; clock           ;
;  operando[1] ; clock      ; -0.313 ; -0.313 ; Rise       ; clock           ;
;  operando[2] ; clock      ; -0.311 ; -0.311 ; Rise       ; clock           ;
;  operando[3] ; clock      ; 0.456  ; 0.456  ; Rise       ; clock           ;
; setRegA      ; clock      ; 1.244  ; 1.244  ; Rise       ; clock           ;
; setRegB      ; clock      ; 1.253  ; 1.253  ; Rise       ; clock           ;
+--------------+------------+--------+--------+------------+-----------------+


+----------------------------------------------------------------------------+
; Hold Times                                                                 ;
+--------------+------------+--------+--------+------------+-----------------+
; Data Port    ; Clock Port ; Rise   ; Fall   ; Clock Edge ; Clock Reference ;
+--------------+------------+--------+--------+------------+-----------------+
; operando[*]  ; clock      ; 0.564  ; 0.564  ; Rise       ; clock           ;
;  operando[0] ; clock      ; 0.501  ; 0.501  ; Rise       ; clock           ;
;  operando[1] ; clock      ; 0.564  ; 0.564  ; Rise       ; clock           ;
;  operando[2] ; clock      ; 0.564  ; 0.564  ; Rise       ; clock           ;
;  operando[3] ; clock      ; -0.208 ; -0.208 ; Rise       ; clock           ;
; setRegA      ; clock      ; -0.682 ; -0.682 ; Rise       ; clock           ;
; setRegB      ; clock      ; -0.623 ; -0.623 ; Rise       ; clock           ;
+--------------+------------+--------+--------+------------+-----------------+


+--------------------------------------------------------------------------+
; Clock to Output Times                                                    ;
+------------+------------+--------+--------+------------+-----------------+
; Data Port  ; Clock Port ; Rise   ; Fall   ; Clock Edge ; Clock Reference ;
+------------+------------+--------+--------+------------+-----------------+
; HEX0[*]    ; clock      ; 28.557 ; 28.557 ; Rise       ; clock           ;
;  HEX0[0]   ; clock      ; 28.282 ; 28.282 ; Rise       ; clock           ;
;  HEX0[1]   ; clock      ; 28.345 ; 28.345 ; Rise       ; clock           ;
;  HEX0[2]   ; clock      ; 28.543 ; 28.543 ; Rise       ; clock           ;
;  HEX0[3]   ; clock      ; 28.557 ; 28.557 ; Rise       ; clock           ;
;  HEX0[4]   ; clock      ; 28.489 ; 28.489 ; Rise       ; clock           ;
;  HEX0[5]   ; clock      ; 28.521 ; 28.521 ; Rise       ; clock           ;
;  HEX0[6]   ; clock      ; 28.476 ; 28.476 ; Rise       ; clock           ;
; HEX1[*]    ; clock      ; 37.655 ; 37.655 ; Rise       ; clock           ;
;  HEX1[0]   ; clock      ; 37.655 ; 37.655 ; Rise       ; clock           ;
;  HEX1[1]   ; clock      ; 36.585 ; 36.585 ; Rise       ; clock           ;
;  HEX1[2]   ; clock      ; 36.237 ; 36.237 ; Rise       ; clock           ;
;  HEX1[3]   ; clock      ; 36.557 ; 36.557 ; Rise       ; clock           ;
;  HEX1[4]   ; clock      ; 36.332 ; 36.332 ; Rise       ; clock           ;
;  HEX1[5]   ; clock      ; 36.931 ; 36.931 ; Rise       ; clock           ;
;  HEX1[6]   ; clock      ; 37.235 ; 37.235 ; Rise       ; clock           ;
; HEX2[*]    ; clock      ; 22.806 ; 22.806 ; Rise       ; clock           ;
;  HEX2[0]   ; clock      ; 22.780 ; 22.780 ; Rise       ; clock           ;
;  HEX2[3]   ; clock      ; 22.806 ; 22.806 ; Rise       ; clock           ;
;  HEX2[4]   ; clock      ; 22.207 ; 22.207 ; Rise       ; clock           ;
;  HEX2[5]   ; clock      ; 22.197 ; 22.197 ; Rise       ; clock           ;
; result[*]  ; clock      ; 18.223 ; 18.223 ; Rise       ; clock           ;
;  result[0] ; clock      ; 17.670 ; 17.670 ; Rise       ; clock           ;
;  result[1] ; clock      ; 16.773 ; 16.773 ; Rise       ; clock           ;
;  result[2] ; clock      ; 18.223 ; 18.223 ; Rise       ; clock           ;
;  result[3] ; clock      ; 16.706 ; 16.706 ; Rise       ; clock           ;
;  result[4] ; clock      ; 15.191 ; 15.191 ; Rise       ; clock           ;
;  result[5] ; clock      ; 14.986 ; 14.986 ; Rise       ; clock           ;
;  result[6] ; clock      ; 14.211 ; 14.211 ; Rise       ; clock           ;
+------------+------------+--------+--------+------------+-----------------+


+--------------------------------------------------------------------------+
; Minimum Clock to Output Times                                            ;
+------------+------------+--------+--------+------------+-----------------+
; Data Port  ; Clock Port ; Rise   ; Fall   ; Clock Edge ; Clock Reference ;
+------------+------------+--------+--------+------------+-----------------+
; HEX0[*]    ; clock      ; 12.407 ; 12.407 ; Rise       ; clock           ;
;  HEX0[0]   ; clock      ; 12.407 ; 12.407 ; Rise       ; clock           ;
;  HEX0[1]   ; clock      ; 12.464 ; 12.464 ; Rise       ; clock           ;
;  HEX0[2]   ; clock      ; 12.675 ; 12.675 ; Rise       ; clock           ;
;  HEX0[3]   ; clock      ; 12.683 ; 12.683 ; Rise       ; clock           ;
;  HEX0[4]   ; clock      ; 12.612 ; 12.612 ; Rise       ; clock           ;
;  HEX0[5]   ; clock      ; 12.679 ; 12.679 ; Rise       ; clock           ;
;  HEX0[6]   ; clock      ; 12.599 ; 12.599 ; Rise       ; clock           ;
; HEX1[*]    ; clock      ; 15.464 ; 15.464 ; Rise       ; clock           ;
;  HEX1[0]   ; clock      ; 16.882 ; 16.882 ; Rise       ; clock           ;
;  HEX1[1]   ; clock      ; 15.812 ; 15.812 ; Rise       ; clock           ;
;  HEX1[2]   ; clock      ; 15.464 ; 15.464 ; Rise       ; clock           ;
;  HEX1[3]   ; clock      ; 15.784 ; 15.784 ; Rise       ; clock           ;
;  HEX1[4]   ; clock      ; 15.559 ; 15.559 ; Rise       ; clock           ;
;  HEX1[5]   ; clock      ; 16.158 ; 16.158 ; Rise       ; clock           ;
;  HEX1[6]   ; clock      ; 16.462 ; 16.462 ; Rise       ; clock           ;
; HEX2[*]    ; clock      ; 13.964 ; 13.964 ; Rise       ; clock           ;
;  HEX2[0]   ; clock      ; 14.547 ; 14.547 ; Rise       ; clock           ;
;  HEX2[3]   ; clock      ; 14.573 ; 14.573 ; Rise       ; clock           ;
;  HEX2[4]   ; clock      ; 13.974 ; 13.974 ; Rise       ; clock           ;
;  HEX2[5]   ; clock      ; 13.964 ; 13.964 ; Rise       ; clock           ;
; result[*]  ; clock      ; 9.727  ; 9.727  ; Rise       ; clock           ;
;  result[0] ; clock      ; 9.727  ; 9.727  ; Rise       ; clock           ;
;  result[1] ; clock      ; 10.959 ; 10.959 ; Rise       ; clock           ;
;  result[2] ; clock      ; 11.024 ; 11.024 ; Rise       ; clock           ;
;  result[3] ; clock      ; 11.119 ; 11.119 ; Rise       ; clock           ;
;  result[4] ; clock      ; 12.334 ; 12.334 ; Rise       ; clock           ;
;  result[5] ; clock      ; 11.531 ; 11.531 ; Rise       ; clock           ;
;  result[6] ; clock      ; 10.870 ; 10.870 ; Rise       ; clock           ;
+------------+------------+--------+--------+------------+-----------------+


+--------------------------------------------------------------------+
; Propagation Delay                                                  ;
+------------------+-------------+--------+--------+--------+--------+
; Input Port       ; Output Port ; RR     ; RF     ; FR     ; FF     ;
+------------------+-------------+--------+--------+--------+--------+
; ula_operation[0] ; HEX0[0]     ; 23.911 ; 23.911 ; 23.911 ; 23.911 ;
; ula_operation[0] ; HEX0[1]     ; 23.974 ; 23.974 ; 23.974 ; 23.974 ;
; ula_operation[0] ; HEX0[2]     ; 24.172 ; 24.172 ; 24.172 ; 24.172 ;
; ula_operation[0] ; HEX0[3]     ; 24.186 ; 24.186 ; 24.186 ; 24.186 ;
; ula_operation[0] ; HEX0[4]     ; 24.118 ; 24.118 ; 24.118 ; 24.118 ;
; ula_operation[0] ; HEX0[5]     ; 24.150 ; 24.150 ; 24.150 ; 24.150 ;
; ula_operation[0] ; HEX0[6]     ; 24.105 ; 24.105 ; 24.105 ; 24.105 ;
; ula_operation[0] ; HEX1[0]     ; 32.706 ; 32.706 ; 32.706 ; 32.706 ;
; ula_operation[0] ; HEX1[1]     ; 31.636 ; 31.636 ; 31.636 ; 31.636 ;
; ula_operation[0] ; HEX1[2]     ; 31.288 ; 31.288 ; 31.288 ; 31.288 ;
; ula_operation[0] ; HEX1[3]     ; 31.608 ; 31.608 ; 31.608 ; 31.608 ;
; ula_operation[0] ; HEX1[4]     ; 31.383 ; 31.383 ; 31.383 ; 31.383 ;
; ula_operation[0] ; HEX1[5]     ; 31.982 ; 31.982 ; 31.982 ; 31.982 ;
; ula_operation[0] ; HEX1[6]     ; 32.286 ; 32.286 ; 32.286 ; 32.286 ;
; ula_operation[0] ; HEX2[0]     ; 17.831 ; 17.831 ; 17.831 ; 17.831 ;
; ula_operation[0] ; HEX2[3]     ; 17.857 ; 17.857 ; 17.857 ; 17.857 ;
; ula_operation[0] ; HEX2[4]     ; 17.258 ; 17.258 ; 17.258 ; 17.258 ;
; ula_operation[0] ; HEX2[5]     ; 17.248 ; 17.248 ; 17.248 ; 17.248 ;
; ula_operation[0] ; result[0]   ; 10.112 ; 10.070 ; 10.070 ; 10.112 ;
; ula_operation[0] ; result[1]   ; 13.172 ; 13.172 ; 13.172 ; 13.172 ;
; ula_operation[0] ; result[2]   ; 13.274 ; 13.274 ; 13.274 ; 13.274 ;
; ula_operation[0] ; result[3]   ; 11.931 ; 11.262 ; 11.262 ; 11.931 ;
; ula_operation[0] ; result[4]   ; 11.134 ;        ;        ; 11.134 ;
; ula_operation[0] ; result[5]   ; 11.034 ;        ;        ; 11.034 ;
; ula_operation[0] ; result[6]   ; 9.961  ;        ;        ; 9.961  ;
; ula_operation[1] ; HEX0[0]     ; 22.901 ; 22.901 ; 22.901 ; 22.901 ;
; ula_operation[1] ; HEX0[1]     ; 22.964 ; 22.964 ; 22.964 ; 22.964 ;
; ula_operation[1] ; HEX0[2]     ; 23.162 ; 23.162 ; 23.162 ; 23.162 ;
; ula_operation[1] ; HEX0[3]     ; 23.176 ; 23.176 ; 23.176 ; 23.176 ;
; ula_operation[1] ; HEX0[4]     ; 23.108 ; 23.108 ; 23.108 ; 23.108 ;
; ula_operation[1] ; HEX0[5]     ; 23.140 ; 23.140 ; 23.140 ; 23.140 ;
; ula_operation[1] ; HEX0[6]     ; 23.095 ; 23.095 ; 23.095 ; 23.095 ;
; ula_operation[1] ; HEX1[0]     ; 32.651 ; 32.651 ; 32.651 ; 32.651 ;
; ula_operation[1] ; HEX1[1]     ; 31.581 ; 31.581 ; 31.581 ; 31.581 ;
; ula_operation[1] ; HEX1[2]     ; 31.233 ; 31.233 ; 31.233 ; 31.233 ;
; ula_operation[1] ; HEX1[3]     ; 31.553 ; 31.553 ; 31.553 ; 31.553 ;
; ula_operation[1] ; HEX1[4]     ; 31.328 ; 31.328 ; 31.328 ; 31.328 ;
; ula_operation[1] ; HEX1[5]     ; 31.927 ; 31.927 ; 31.927 ; 31.927 ;
; ula_operation[1] ; HEX1[6]     ; 32.231 ; 32.231 ; 32.231 ; 32.231 ;
; ula_operation[1] ; HEX2[0]     ; 17.776 ; 17.776 ; 17.776 ; 17.776 ;
; ula_operation[1] ; HEX2[3]     ; 17.802 ; 17.802 ; 17.802 ; 17.802 ;
; ula_operation[1] ; HEX2[4]     ; 17.203 ; 17.203 ; 17.203 ; 17.203 ;
; ula_operation[1] ; HEX2[5]     ; 17.193 ; 17.193 ; 17.193 ; 17.193 ;
; ula_operation[1] ; result[0]   ; 9.733  ; 10.949 ; 10.949 ; 9.733  ;
; ula_operation[1] ; result[1]   ; 13.172 ; 13.172 ; 13.172 ; 13.172 ;
; ula_operation[1] ; result[2]   ; 13.219 ; 13.219 ; 13.219 ; 13.219 ;
; ula_operation[1] ; result[3]   ; 11.325 ; 11.181 ; 11.181 ; 11.325 ;
; ula_operation[1] ; result[4]   ; 9.480  ;        ;        ; 9.480  ;
; ula_operation[1] ; result[5]   ; 9.383  ;        ;        ; 9.383  ;
; ula_operation[1] ; result[6]   ; 7.922  ;        ;        ; 7.922  ;
; ula_operation[2] ; HEX0[0]     ; 23.175 ; 23.175 ; 23.175 ; 23.175 ;
; ula_operation[2] ; HEX0[1]     ; 23.238 ; 23.238 ; 23.238 ; 23.238 ;
; ula_operation[2] ; HEX0[2]     ; 23.436 ; 23.436 ; 23.436 ; 23.436 ;
; ula_operation[2] ; HEX0[3]     ; 23.450 ; 23.450 ; 23.450 ; 23.450 ;
; ula_operation[2] ; HEX0[4]     ; 23.382 ; 23.382 ; 23.382 ; 23.382 ;
; ula_operation[2] ; HEX0[5]     ; 23.414 ; 23.414 ; 23.414 ; 23.414 ;
; ula_operation[2] ; HEX0[6]     ; 23.369 ; 23.369 ; 23.369 ; 23.369 ;
; ula_operation[2] ; HEX1[0]     ; 31.489 ; 31.489 ; 31.489 ; 31.489 ;
; ula_operation[2] ; HEX1[1]     ; 30.419 ; 30.419 ; 30.419 ; 30.419 ;
; ula_operation[2] ; HEX1[2]     ; 30.071 ; 30.071 ; 30.071 ; 30.071 ;
; ula_operation[2] ; HEX1[3]     ; 30.391 ; 30.391 ; 30.391 ; 30.391 ;
; ula_operation[2] ; HEX1[4]     ; 30.166 ; 30.166 ; 30.166 ; 30.166 ;
; ula_operation[2] ; HEX1[5]     ; 30.765 ; 30.765 ; 30.765 ; 30.765 ;
; ula_operation[2] ; HEX1[6]     ; 31.069 ; 31.069 ; 31.069 ; 31.069 ;
; ula_operation[2] ; HEX2[0]     ; 16.614 ; 16.614 ; 16.614 ; 16.614 ;
; ula_operation[2] ; HEX2[3]     ; 16.640 ; 16.640 ; 16.640 ; 16.640 ;
; ula_operation[2] ; HEX2[4]     ; 16.041 ; 16.041 ; 16.041 ; 16.041 ;
; ula_operation[2] ; HEX2[5]     ; 16.031 ; 16.031 ; 16.031 ; 16.031 ;
; ula_operation[2] ; result[0]   ; 10.853 ; 10.963 ; 10.963 ; 10.853 ;
; ula_operation[2] ; result[1]   ; 11.454 ; 11.454 ; 11.454 ; 11.454 ;
; ula_operation[2] ; result[2]   ; 12.057 ; 12.057 ; 12.057 ; 12.057 ;
; ula_operation[2] ; result[3]   ; 11.258 ; 11.599 ; 11.599 ; 11.258 ;
; ula_operation[2] ; result[4]   ;        ; 9.287  ; 9.287  ;        ;
; ula_operation[2] ; result[5]   ;        ; 9.191  ; 9.191  ;        ;
; ula_operation[2] ; result[6]   ;        ; 8.370  ; 8.370  ;        ;
; ula_operation[3] ; HEX0[0]     ; 22.386 ; 22.386 ; 22.386 ; 22.386 ;
; ula_operation[3] ; HEX0[1]     ; 22.449 ; 22.449 ; 22.449 ; 22.449 ;
; ula_operation[3] ; HEX0[2]     ; 22.647 ; 22.647 ; 22.647 ; 22.647 ;
; ula_operation[3] ; HEX0[3]     ; 22.661 ; 22.661 ; 22.661 ; 22.661 ;
; ula_operation[3] ; HEX0[4]     ; 22.593 ; 22.593 ; 22.593 ; 22.593 ;
; ula_operation[3] ; HEX0[5]     ; 22.625 ; 22.625 ; 22.625 ; 22.625 ;
; ula_operation[3] ; HEX0[6]     ; 22.580 ; 22.580 ; 22.580 ; 22.580 ;
; ula_operation[3] ; HEX1[0]     ; 29.318 ; 29.318 ; 29.318 ; 29.318 ;
; ula_operation[3] ; HEX1[1]     ; 28.248 ; 28.248 ; 28.248 ; 28.248 ;
; ula_operation[3] ; HEX1[2]     ; 27.900 ; 27.883 ; 27.883 ; 27.900 ;
; ula_operation[3] ; HEX1[3]     ; 28.220 ; 28.220 ; 28.220 ; 28.220 ;
; ula_operation[3] ; HEX1[4]     ; 27.978 ; 27.995 ; 27.995 ; 27.978 ;
; ula_operation[3] ; HEX1[5]     ; 28.577 ; 28.594 ; 28.594 ; 28.577 ;
; ula_operation[3] ; HEX1[6]     ; 28.881 ; 28.898 ; 28.898 ; 28.881 ;
; ula_operation[3] ; HEX2[0]     ; 14.459 ; 15.066 ; 15.066 ; 14.459 ;
; ula_operation[3] ; HEX2[3]     ; 14.485 ; 15.092 ; 15.092 ; 14.485 ;
; ula_operation[3] ; HEX2[4]     ; 13.886 ; 14.493 ; 14.493 ; 13.886 ;
; ula_operation[3] ; HEX2[5]     ; 13.876 ; 14.483 ; 14.483 ; 13.876 ;
; ula_operation[3] ; result[0]   ; 8.890  ; 7.849  ; 7.849  ; 8.890  ;
; ula_operation[3] ; result[1]   ; 8.720  ; 7.736  ; 7.736  ; 8.720  ;
; ula_operation[3] ; result[2]   ; 8.640  ; 7.666  ; 7.666  ; 8.640  ;
; ula_operation[3] ; result[3]   ; 9.799  ; 10.406 ; 10.406 ; 9.799  ;
; ula_operation[3] ; result[4]   ;        ; 9.609  ; 9.609  ;        ;
; ula_operation[3] ; result[5]   ;        ; 9.509  ; 9.509  ;        ;
; ula_operation[3] ; result[6]   ;        ; 8.436  ; 8.436  ;        ;
+------------------+-------------+--------+--------+--------+--------+


+--------------------------------------------------------------------+
; Minimum Propagation Delay                                          ;
+------------------+-------------+--------+--------+--------+--------+
; Input Port       ; Output Port ; RR     ; RF     ; FR     ; FF     ;
+------------------+-------------+--------+--------+--------+--------+
; ula_operation[0] ; HEX0[0]     ; 12.635 ; 12.635 ; 12.635 ; 12.635 ;
; ula_operation[0] ; HEX0[1]     ; 12.692 ; 12.692 ; 12.692 ; 12.692 ;
; ula_operation[0] ; HEX0[2]     ; 12.903 ; 12.903 ; 12.903 ; 12.903 ;
; ula_operation[0] ; HEX0[3]     ; 12.911 ; 12.911 ; 12.911 ; 12.911 ;
; ula_operation[0] ; HEX0[4]     ; 12.840 ; 12.840 ; 12.840 ; 12.840 ;
; ula_operation[0] ; HEX0[5]     ; 12.907 ; 12.907 ; 12.907 ; 12.907 ;
; ula_operation[0] ; HEX0[6]     ; 12.827 ; 12.827 ; 12.827 ; 12.827 ;
; ula_operation[0] ; HEX1[0]     ; 16.204 ; 16.052 ; 16.052 ; 16.204 ;
; ula_operation[0] ; HEX1[1]     ; 15.161 ; 15.007 ; 15.007 ; 15.161 ;
; ula_operation[0] ; HEX1[2]     ; 14.905 ; 14.905 ; 14.905 ; 14.905 ;
; ula_operation[0] ; HEX1[3]     ; 15.127 ; 14.976 ; 14.976 ; 15.127 ;
; ula_operation[0] ; HEX1[4]     ; 14.882 ; 14.728 ; 14.728 ; 14.882 ;
; ula_operation[0] ; HEX1[5]     ; 15.599 ; 15.330 ; 15.330 ; 15.599 ;
; ula_operation[0] ; HEX1[6]     ; 15.747 ; 15.595 ; 15.595 ; 15.747 ;
; ula_operation[0] ; HEX2[0]     ; 14.030 ; 14.245 ; 14.245 ; 14.030 ;
; ula_operation[0] ; HEX2[3]     ; 14.056 ; 14.271 ; 14.271 ; 14.056 ;
; ula_operation[0] ; HEX2[4]     ; 13.457 ; 13.672 ; 13.672 ; 13.457 ;
; ula_operation[0] ; HEX2[5]     ; 13.447 ; 13.662 ; 13.662 ; 13.447 ;
; ula_operation[0] ; result[0]   ; 9.955  ; 9.955  ; 9.955  ; 9.955  ;
; ula_operation[0] ; result[1]   ; 10.400 ; 10.400 ; 10.400 ; 10.400 ;
; ula_operation[0] ; result[2]   ; 10.298 ; 10.298 ; 10.298 ; 10.298 ;
; ula_operation[0] ; result[3]   ; 11.262 ; 9.585  ; 9.585  ; 11.262 ;
; ula_operation[0] ; result[4]   ; 11.134 ;        ;        ; 11.134 ;
; ula_operation[0] ; result[5]   ; 11.034 ;        ;        ; 11.034 ;
; ula_operation[0] ; result[6]   ; 9.961  ;        ;        ; 9.961  ;
; ula_operation[1] ; HEX0[0]     ; 11.919 ; 12.144 ; 12.144 ; 11.919 ;
; ula_operation[1] ; HEX0[1]     ; 11.978 ; 11.978 ; 11.978 ; 11.978 ;
; ula_operation[1] ; HEX0[2]     ; 12.412 ; 12.283 ; 12.283 ; 12.412 ;
; ula_operation[1] ; HEX0[3]     ; 12.201 ; 12.201 ; 12.201 ; 12.201 ;
; ula_operation[1] ; HEX0[4]     ; 12.115 ; 12.349 ; 12.349 ; 12.115 ;
; ula_operation[1] ; HEX0[5]     ; 12.574 ; 12.189 ; 12.189 ; 12.574 ;
; ula_operation[1] ; HEX0[6]     ; 12.106 ; 12.106 ; 12.106 ; 12.106 ;
; ula_operation[1] ; HEX1[0]     ; 14.422 ; 14.228 ; 14.228 ; 14.422 ;
; ula_operation[1] ; HEX1[1]     ; 13.379 ; 13.183 ; 13.183 ; 13.379 ;
; ula_operation[1] ; HEX1[2]     ; 13.799 ; 13.911 ; 13.911 ; 13.799 ;
; ula_operation[1] ; HEX1[3]     ; 13.345 ; 13.152 ; 13.152 ; 13.345 ;
; ula_operation[1] ; HEX1[4]     ; 13.100 ; 12.904 ; 12.904 ; 13.100 ;
; ula_operation[1] ; HEX1[5]     ; 13.700 ; 13.506 ; 13.506 ; 13.700 ;
; ula_operation[1] ; HEX1[6]     ; 13.965 ; 13.771 ; 13.771 ; 13.965 ;
; ula_operation[1] ; HEX2[0]     ; 11.991 ; 13.771 ; 13.771 ; 11.991 ;
; ula_operation[1] ; HEX2[3]     ; 12.017 ; 13.797 ; 13.797 ; 12.017 ;
; ula_operation[1] ; HEX2[4]     ; 11.418 ; 13.198 ; 13.198 ; 11.418 ;
; ula_operation[1] ; HEX2[5]     ; 11.408 ; 13.188 ; 13.188 ; 11.408 ;
; ula_operation[1] ; result[0]   ; 9.622  ; 9.464  ; 9.464  ; 9.622  ;
; ula_operation[1] ; result[1]   ; 11.132 ; 9.294  ; 9.294  ; 11.132 ;
; ula_operation[1] ; result[2]   ; 11.669 ; 9.214  ; 9.214  ; 11.669 ;
; ula_operation[1] ; result[3]   ; 10.117 ; 10.079 ; 10.079 ; 10.117 ;
; ula_operation[1] ; result[4]   ; 9.480  ;        ;        ; 9.480  ;
; ula_operation[1] ; result[5]   ; 9.383  ;        ;        ; 9.383  ;
; ula_operation[1] ; result[6]   ; 7.922  ;        ;        ; 7.922  ;
; ula_operation[2] ; HEX0[0]     ; 12.617 ; 12.842 ; 12.842 ; 12.617 ;
; ula_operation[2] ; HEX0[1]     ; 12.676 ; 12.676 ; 12.676 ; 12.676 ;
; ula_operation[2] ; HEX0[2]     ; 13.110 ; 12.981 ; 12.981 ; 13.110 ;
; ula_operation[2] ; HEX0[3]     ; 12.899 ; 12.899 ; 12.899 ; 12.899 ;
; ula_operation[2] ; HEX0[4]     ; 12.813 ; 13.047 ; 13.047 ; 12.813 ;
; ula_operation[2] ; HEX0[5]     ; 13.749 ; 12.887 ; 12.887 ; 13.749 ;
; ula_operation[2] ; HEX0[6]     ; 12.804 ; 12.804 ; 12.804 ; 12.804 ;
; ula_operation[2] ; HEX1[0]     ; 14.641 ; 14.835 ; 14.835 ; 14.641 ;
; ula_operation[2] ; HEX1[1]     ; 13.596 ; 13.792 ; 13.792 ; 13.596 ;
; ula_operation[2] ; HEX1[2]     ; 14.324 ; 14.324 ; 14.324 ; 14.324 ;
; ula_operation[2] ; HEX1[3]     ; 13.565 ; 13.758 ; 13.758 ; 13.565 ;
; ula_operation[2] ; HEX1[4]     ; 13.317 ; 13.513 ; 13.513 ; 13.317 ;
; ula_operation[2] ; HEX1[5]     ; 13.919 ; 14.113 ; 14.113 ; 13.919 ;
; ula_operation[2] ; HEX1[6]     ; 14.184 ; 14.378 ; 14.378 ; 14.184 ;
; ula_operation[2] ; HEX2[0]     ; 15.740 ; 12.207 ; 12.207 ; 15.740 ;
; ula_operation[2] ; HEX2[3]     ; 15.766 ; 12.233 ; 12.233 ; 15.766 ;
; ula_operation[2] ; HEX2[4]     ; 15.167 ; 11.634 ; 11.634 ; 15.167 ;
; ula_operation[2] ; HEX2[5]     ; 15.157 ; 11.624 ; 11.624 ; 15.157 ;
; ula_operation[2] ; result[0]   ; 10.797 ; 10.162 ; 10.162 ; 10.797 ;
; ula_operation[2] ; result[1]   ; 11.116 ; 9.992  ; 9.992  ; 11.116 ;
; ula_operation[2] ; result[2]   ; 11.573 ; 9.912  ; 9.912  ; 11.573 ;
; ula_operation[2] ; result[3]   ; 11.080 ; 10.251 ; 10.251 ; 11.080 ;
; ula_operation[2] ; result[4]   ;        ; 9.287  ; 9.287  ;        ;
; ula_operation[2] ; result[5]   ;        ; 9.191  ; 9.191  ;        ;
; ula_operation[2] ; result[6]   ;        ; 8.370  ; 8.370  ;        ;
; ula_operation[3] ; HEX0[0]     ; 10.361 ; 10.529 ; 10.529 ; 10.361 ;
; ula_operation[3] ; HEX0[1]     ; 10.420 ; 10.420 ; 10.420 ; 10.420 ;
; ula_operation[3] ; HEX0[2]     ; 10.797 ; 10.725 ; 10.725 ; 10.797 ;
; ula_operation[3] ; HEX0[3]     ; 10.643 ; 10.643 ; 10.643 ; 10.643 ;
; ula_operation[3] ; HEX0[4]     ; 10.557 ; 10.734 ; 10.734 ; 10.557 ;
; ula_operation[3] ; HEX0[5]     ; 11.615 ; 10.631 ; 10.631 ; 11.615 ;
; ula_operation[3] ; HEX0[6]     ; 10.548 ; 10.548 ; 10.548 ; 10.548 ;
; ula_operation[3] ; HEX1[0]     ; 13.659 ; 13.659 ; 13.659 ; 13.659 ;
; ula_operation[3] ; HEX1[1]     ; 12.589 ; 12.589 ; 12.589 ; 12.589 ;
; ula_operation[3] ; HEX1[2]     ; 12.241 ; 13.225 ; 13.225 ; 12.241 ;
; ula_operation[3] ; HEX1[3]     ; 12.561 ; 12.561 ; 12.561 ; 12.561 ;
; ula_operation[3] ; HEX1[4]     ; 13.320 ; 12.336 ; 12.336 ; 13.320 ;
; ula_operation[3] ; HEX1[5]     ; 13.919 ; 12.935 ; 12.935 ; 13.919 ;
; ula_operation[3] ; HEX1[6]     ; 14.223 ; 13.239 ; 13.239 ; 14.223 ;
; ula_operation[3] ; HEX2[0]     ; 13.197 ; 12.223 ; 12.223 ; 13.197 ;
; ula_operation[3] ; HEX2[3]     ; 13.223 ; 12.249 ; 12.249 ; 13.223 ;
; ula_operation[3] ; HEX2[4]     ; 12.624 ; 11.650 ; 11.650 ; 12.624 ;
; ula_operation[3] ; HEX2[5]     ; 12.614 ; 11.640 ; 11.640 ; 12.614 ;
; ula_operation[3] ; result[0]   ; 8.890  ; 7.849  ; 7.849  ; 8.890  ;
; ula_operation[3] ; result[1]   ; 8.720  ; 7.736  ; 7.736  ; 8.720  ;
; ula_operation[3] ; result[2]   ; 8.640  ; 7.666  ; 7.666  ; 8.640  ;
; ula_operation[3] ; result[3]   ; 9.799  ; 8.121  ; 8.121  ; 9.799  ;
; ula_operation[3] ; result[4]   ;        ; 9.609  ; 9.609  ;        ;
; ula_operation[3] ; result[5]   ;        ; 9.509  ; 9.509  ;        ;
; ula_operation[3] ; result[6]   ;        ; 8.436  ; 8.436  ;        ;
+------------------+-------------+--------+--------+--------+--------+


----------------------------
; Fast Model Setup Summary ;
----------------------------
No paths to report.


---------------------------
; Fast Model Hold Summary ;
---------------------------
No paths to report.


-------------------------------
; Fast Model Recovery Summary ;
-------------------------------
No paths to report.


------------------------------
; Fast Model Removal Summary ;
------------------------------
No paths to report.


+----------------------------------------+
; Fast Model Minimum Pulse Width Summary ;
+-------+--------+-----------------------+
; Clock ; Slack  ; End Point TNS         ;
+-------+--------+-----------------------+
; clock ; -1.380 ; -8.380                ;
+-------+--------+-----------------------+


+--------------------------------------------------------------------------------------------------------------------+
; Fast Model Minimum Pulse Width: 'clock'                                                                            ;
+--------+--------------+----------------+------------------+-------+------------+-----------------------------------+
; Slack  ; Actual Width ; Required Width ; Type             ; Clock ; Clock Edge ; Target                            ;
+--------+--------------+----------------+------------------+-------+------------+-----------------------------------+
; -1.380 ; 1.000        ; 2.380          ; Port Rate        ; clock ; Rise       ; clock                             ;
; -0.500 ; 0.500        ; 1.000          ; High Pulse Width ; clock ; Rise       ; general_register:regA|valueOut[0] ;
; -0.500 ; 0.500        ; 1.000          ; Low Pulse Width  ; clock ; Rise       ; general_register:regA|valueOut[0] ;
; -0.500 ; 0.500        ; 1.000          ; High Pulse Width ; clock ; Rise       ; general_register:regA|valueOut[1] ;
; -0.500 ; 0.500        ; 1.000          ; Low Pulse Width  ; clock ; Rise       ; general_register:regA|valueOut[1] ;
; -0.500 ; 0.500        ; 1.000          ; High Pulse Width ; clock ; Rise       ; general_register:regA|valueOut[2] ;
; -0.500 ; 0.500        ; 1.000          ; Low Pulse Width  ; clock ; Rise       ; general_register:regA|valueOut[2] ;
; -0.500 ; 0.500        ; 1.000          ; High Pulse Width ; clock ; Rise       ; general_register:regA|valueOut[3] ;
; -0.500 ; 0.500        ; 1.000          ; Low Pulse Width  ; clock ; Rise       ; general_register:regA|valueOut[3] ;
; -0.500 ; 0.500        ; 1.000          ; High Pulse Width ; clock ; Rise       ; general_register:regB|valueOut[0] ;
; -0.500 ; 0.500        ; 1.000          ; Low Pulse Width  ; clock ; Rise       ; general_register:regB|valueOut[0] ;
; -0.500 ; 0.500        ; 1.000          ; High Pulse Width ; clock ; Rise       ; general_register:regB|valueOut[1] ;
; -0.500 ; 0.500        ; 1.000          ; Low Pulse Width  ; clock ; Rise       ; general_register:regB|valueOut[1] ;
; -0.500 ; 0.500        ; 1.000          ; High Pulse Width ; clock ; Rise       ; general_register:regB|valueOut[2] ;
; -0.500 ; 0.500        ; 1.000          ; Low Pulse Width  ; clock ; Rise       ; general_register:regB|valueOut[2] ;
; 0.500  ; 0.500        ; 0.000          ; High Pulse Width ; clock ; Rise       ; clock|combout                     ;
; 0.500  ; 0.500        ; 0.000          ; Low Pulse Width  ; clock ; Rise       ; clock|combout                     ;
; 0.500  ; 0.500        ; 0.000          ; High Pulse Width ; clock ; Rise       ; clock~clkctrl|inclk[0]            ;
; 0.500  ; 0.500        ; 0.000          ; Low Pulse Width  ; clock ; Rise       ; clock~clkctrl|inclk[0]            ;
; 0.500  ; 0.500        ; 0.000          ; High Pulse Width ; clock ; Rise       ; clock~clkctrl|outclk              ;
; 0.500  ; 0.500        ; 0.000          ; Low Pulse Width  ; clock ; Rise       ; clock~clkctrl|outclk              ;
; 0.500  ; 0.500        ; 0.000          ; High Pulse Width ; clock ; Rise       ; regA|valueOut[0]|clk              ;
; 0.500  ; 0.500        ; 0.000          ; Low Pulse Width  ; clock ; Rise       ; regA|valueOut[0]|clk              ;
; 0.500  ; 0.500        ; 0.000          ; High Pulse Width ; clock ; Rise       ; regA|valueOut[1]|clk              ;
; 0.500  ; 0.500        ; 0.000          ; Low Pulse Width  ; clock ; Rise       ; regA|valueOut[1]|clk              ;
; 0.500  ; 0.500        ; 0.000          ; High Pulse Width ; clock ; Rise       ; regA|valueOut[2]|clk              ;
; 0.500  ; 0.500        ; 0.000          ; Low Pulse Width  ; clock ; Rise       ; regA|valueOut[2]|clk              ;
; 0.500  ; 0.500        ; 0.000          ; High Pulse Width ; clock ; Rise       ; regA|valueOut[3]|clk              ;
; 0.500  ; 0.500        ; 0.000          ; Low Pulse Width  ; clock ; Rise       ; regA|valueOut[3]|clk              ;
; 0.500  ; 0.500        ; 0.000          ; High Pulse Width ; clock ; Rise       ; regB|valueOut[0]|clk              ;
; 0.500  ; 0.500        ; 0.000          ; Low Pulse Width  ; clock ; Rise       ; regB|valueOut[0]|clk              ;
; 0.500  ; 0.500        ; 0.000          ; High Pulse Width ; clock ; Rise       ; regB|valueOut[1]|clk              ;
; 0.500  ; 0.500        ; 0.000          ; Low Pulse Width  ; clock ; Rise       ; regB|valueOut[1]|clk              ;
; 0.500  ; 0.500        ; 0.000          ; High Pulse Width ; clock ; Rise       ; regB|valueOut[2]|clk              ;
; 0.500  ; 0.500        ; 0.000          ; Low Pulse Width  ; clock ; Rise       ; regB|valueOut[2]|clk              ;
+--------+--------------+----------------+------------------+-------+------------+-----------------------------------+


+----------------------------------------------------------------------------+
; Setup Times                                                                ;
+--------------+------------+--------+--------+------------+-----------------+
; Data Port    ; Clock Port ; Rise   ; Fall   ; Clock Edge ; Clock Reference ;
+--------------+------------+--------+--------+------------+-----------------+
; operando[*]  ; clock      ; -0.295 ; -0.295 ; Rise       ; clock           ;
;  operando[0] ; clock      ; -0.587 ; -0.587 ; Rise       ; clock           ;
;  operando[1] ; clock      ; -0.639 ; -0.639 ; Rise       ; clock           ;
;  operando[2] ; clock      ; -0.639 ; -0.639 ; Rise       ; clock           ;
;  operando[3] ; clock      ; -0.295 ; -0.295 ; Rise       ; clock           ;
; setRegA      ; clock      ; 0.165  ; 0.165  ; Rise       ; clock           ;
; setRegB      ; clock      ; 0.098  ; 0.098  ; Rise       ; clock           ;
+--------------+------------+--------+--------+------------+-----------------+


+--------------------------------------------------------------------------+
; Hold Times                                                               ;
+--------------+------------+-------+-------+------------+-----------------+
; Data Port    ; Clock Port ; Rise  ; Fall  ; Clock Edge ; Clock Reference ;
+--------------+------------+-------+-------+------------+-----------------+
; operando[*]  ; clock      ; 0.761 ; 0.761 ; Rise       ; clock           ;
;  operando[0] ; clock      ; 0.711 ; 0.711 ; Rise       ; clock           ;
;  operando[1] ; clock      ; 0.761 ; 0.761 ; Rise       ; clock           ;
;  operando[2] ; clock      ; 0.759 ; 0.759 ; Rise       ; clock           ;
;  operando[3] ; clock      ; 0.415 ; 0.415 ; Rise       ; clock           ;
; setRegA      ; clock      ; 0.156 ; 0.156 ; Rise       ; clock           ;
; setRegB      ; clock      ; 0.150 ; 0.150 ; Rise       ; clock           ;
+--------------+------------+-------+-------+------------+-----------------+


+--------------------------------------------------------------------------+
; Clock to Output Times                                                    ;
+------------+------------+--------+--------+------------+-----------------+
; Data Port  ; Clock Port ; Rise   ; Fall   ; Clock Edge ; Clock Reference ;
+------------+------------+--------+--------+------------+-----------------+
; HEX0[*]    ; clock      ; 11.736 ; 11.736 ; Rise       ; clock           ;
;  HEX0[0]   ; clock      ; 11.581 ; 11.581 ; Rise       ; clock           ;
;  HEX0[1]   ; clock      ; 11.623 ; 11.623 ; Rise       ; clock           ;
;  HEX0[2]   ; clock      ; 11.736 ; 11.736 ; Rise       ; clock           ;
;  HEX0[3]   ; clock      ; 11.689 ; 11.689 ; Rise       ; clock           ;
;  HEX0[4]   ; clock      ; 11.654 ; 11.654 ; Rise       ; clock           ;
;  HEX0[5]   ; clock      ; 11.692 ; 11.692 ; Rise       ; clock           ;
;  HEX0[6]   ; clock      ; 11.646 ; 11.646 ; Rise       ; clock           ;
; HEX1[*]    ; clock      ; 15.192 ; 15.192 ; Rise       ; clock           ;
;  HEX1[0]   ; clock      ; 15.192 ; 15.192 ; Rise       ; clock           ;
;  HEX1[1]   ; clock      ; 14.679 ; 14.679 ; Rise       ; clock           ;
;  HEX1[2]   ; clock      ; 14.539 ; 14.539 ; Rise       ; clock           ;
;  HEX1[3]   ; clock      ; 14.666 ; 14.666 ; Rise       ; clock           ;
;  HEX1[4]   ; clock      ; 14.599 ; 14.599 ; Rise       ; clock           ;
;  HEX1[5]   ; clock      ; 14.875 ; 14.875 ; Rise       ; clock           ;
;  HEX1[6]   ; clock      ; 14.926 ; 14.926 ; Rise       ; clock           ;
; HEX2[*]    ; clock      ; 9.610  ; 9.610  ; Rise       ; clock           ;
;  HEX2[0]   ; clock      ; 9.583  ; 9.583  ; Rise       ; clock           ;
;  HEX2[3]   ; clock      ; 9.610  ; 9.610  ; Rise       ; clock           ;
;  HEX2[4]   ; clock      ; 9.377  ; 9.377  ; Rise       ; clock           ;
;  HEX2[5]   ; clock      ; 9.367  ; 9.367  ; Rise       ; clock           ;
; result[*]  ; clock      ; 7.854  ; 7.854  ; Rise       ; clock           ;
;  result[0] ; clock      ; 7.677  ; 7.677  ; Rise       ; clock           ;
;  result[1] ; clock      ; 7.284  ; 7.284  ; Rise       ; clock           ;
;  result[2] ; clock      ; 7.854  ; 7.854  ; Rise       ; clock           ;
;  result[3] ; clock      ; 7.301  ; 7.301  ; Rise       ; clock           ;
;  result[4] ; clock      ; 6.790  ; 6.790  ; Rise       ; clock           ;
;  result[5] ; clock      ; 6.694  ; 6.694  ; Rise       ; clock           ;
;  result[6] ; clock      ; 6.469  ; 6.469  ; Rise       ; clock           ;
+------------+------------+--------+--------+------------+-----------------+


+------------------------------------------------------------------------+
; Minimum Clock to Output Times                                          ;
+------------+------------+-------+-------+------------+-----------------+
; Data Port  ; Clock Port ; Rise  ; Fall  ; Clock Edge ; Clock Reference ;
+------------+------------+-------+-------+------------+-----------------+
; HEX0[*]    ; clock      ; 5.820 ; 5.820 ; Rise       ; clock           ;
;  HEX0[0]   ; clock      ; 5.820 ; 5.820 ; Rise       ; clock           ;
;  HEX0[1]   ; clock      ; 5.855 ; 5.855 ; Rise       ; clock           ;
;  HEX0[2]   ; clock      ; 5.975 ; 5.975 ; Rise       ; clock           ;
;  HEX0[3]   ; clock      ; 5.930 ; 5.930 ; Rise       ; clock           ;
;  HEX0[4]   ; clock      ; 5.896 ; 5.896 ; Rise       ; clock           ;
;  HEX0[5]   ; clock      ; 5.930 ; 5.930 ; Rise       ; clock           ;
;  HEX0[6]   ; clock      ; 5.883 ; 5.883 ; Rise       ; clock           ;
; HEX1[*]    ; clock      ; 6.982 ; 6.982 ; Rise       ; clock           ;
;  HEX1[0]   ; clock      ; 7.635 ; 7.635 ; Rise       ; clock           ;
;  HEX1[1]   ; clock      ; 7.122 ; 7.122 ; Rise       ; clock           ;
;  HEX1[2]   ; clock      ; 6.982 ; 6.982 ; Rise       ; clock           ;
;  HEX1[3]   ; clock      ; 7.109 ; 7.109 ; Rise       ; clock           ;
;  HEX1[4]   ; clock      ; 7.042 ; 7.042 ; Rise       ; clock           ;
;  HEX1[5]   ; clock      ; 7.318 ; 7.318 ; Rise       ; clock           ;
;  HEX1[6]   ; clock      ; 7.369 ; 7.369 ; Rise       ; clock           ;
; HEX2[*]    ; clock      ; 6.375 ; 6.375 ; Rise       ; clock           ;
;  HEX2[0]   ; clock      ; 6.591 ; 6.591 ; Rise       ; clock           ;
;  HEX2[3]   ; clock      ; 6.618 ; 6.618 ; Rise       ; clock           ;
;  HEX2[4]   ; clock      ; 6.385 ; 6.385 ; Rise       ; clock           ;
;  HEX2[5]   ; clock      ; 6.375 ; 6.375 ; Rise       ; clock           ;
; result[*]  ; clock      ; 4.806 ; 4.806 ; Rise       ; clock           ;
;  result[0] ; clock      ; 4.806 ; 4.806 ; Rise       ; clock           ;
;  result[1] ; clock      ; 5.237 ; 5.237 ; Rise       ; clock           ;
;  result[2] ; clock      ; 5.277 ; 5.277 ; Rise       ; clock           ;
;  result[3] ; clock      ; 5.298 ; 5.298 ; Rise       ; clock           ;
;  result[4] ; clock      ; 5.730 ; 5.730 ; Rise       ; clock           ;
;  result[5] ; clock      ; 5.434 ; 5.434 ; Rise       ; clock           ;
;  result[6] ; clock      ; 5.222 ; 5.222 ; Rise       ; clock           ;
+------------+------------+-------+-------+------------+-----------------+


+--------------------------------------------------------------------+
; Propagation Delay                                                  ;
+------------------+-------------+--------+--------+--------+--------+
; Input Port       ; Output Port ; RR     ; RF     ; FR     ; FF     ;
+------------------+-------------+--------+--------+--------+--------+
; ula_operation[0] ; HEX0[0]     ; 9.548  ; 9.548  ; 9.548  ; 9.548  ;
; ula_operation[0] ; HEX0[1]     ; 9.590  ; 9.590  ; 9.590  ; 9.590  ;
; ula_operation[0] ; HEX0[2]     ; 9.703  ; 9.703  ; 9.703  ; 9.703  ;
; ula_operation[0] ; HEX0[3]     ; 9.656  ; 9.656  ; 9.656  ; 9.656  ;
; ula_operation[0] ; HEX0[4]     ; 9.621  ; 9.621  ; 9.621  ; 9.621  ;
; ula_operation[0] ; HEX0[5]     ; 9.659  ; 9.659  ; 9.659  ; 9.659  ;
; ula_operation[0] ; HEX0[6]     ; 9.613  ; 9.613  ; 9.613  ; 9.613  ;
; ula_operation[0] ; HEX1[0]     ; 12.905 ; 12.905 ; 12.905 ; 12.905 ;
; ula_operation[0] ; HEX1[1]     ; 12.392 ; 12.392 ; 12.392 ; 12.392 ;
; ula_operation[0] ; HEX1[2]     ; 12.252 ; 12.252 ; 12.252 ; 12.252 ;
; ula_operation[0] ; HEX1[3]     ; 12.379 ; 12.379 ; 12.379 ; 12.379 ;
; ula_operation[0] ; HEX1[4]     ; 12.312 ; 12.312 ; 12.312 ; 12.312 ;
; ula_operation[0] ; HEX1[5]     ; 12.588 ; 12.588 ; 12.588 ; 12.588 ;
; ula_operation[0] ; HEX1[6]     ; 12.639 ; 12.639 ; 12.639 ; 12.639 ;
; ula_operation[0] ; HEX2[0]     ; 7.296  ; 7.296  ; 7.296  ; 7.296  ;
; ula_operation[0] ; HEX2[3]     ; 7.323  ; 7.323  ; 7.323  ; 7.323  ;
; ula_operation[0] ; HEX2[4]     ; 7.090  ; 7.090  ; 7.090  ; 7.090  ;
; ula_operation[0] ; HEX2[5]     ; 7.080  ; 7.080  ; 7.080  ; 7.080  ;
; ula_operation[0] ; result[0]   ; 4.483  ; 4.446  ; 4.446  ; 4.483  ;
; ula_operation[0] ; result[1]   ; 5.476  ; 5.476  ; 5.476  ; 5.476  ;
; ula_operation[0] ; result[2]   ; 5.567  ; 5.567  ; 5.567  ; 5.567  ;
; ula_operation[0] ; result[3]   ; 5.111  ; 4.840  ; 4.840  ; 5.111  ;
; ula_operation[0] ; result[4]   ; 4.907  ;        ;        ; 4.907  ;
; ula_operation[0] ; result[5]   ; 4.835  ;        ;        ; 4.835  ;
; ula_operation[0] ; result[6]   ; 4.489  ;        ;        ; 4.489  ;
; ula_operation[1] ; HEX0[0]     ; 9.168  ; 9.168  ; 9.168  ; 9.168  ;
; ula_operation[1] ; HEX0[1]     ; 9.210  ; 9.210  ; 9.210  ; 9.210  ;
; ula_operation[1] ; HEX0[2]     ; 9.323  ; 9.323  ; 9.323  ; 9.323  ;
; ula_operation[1] ; HEX0[3]     ; 9.276  ; 9.276  ; 9.276  ; 9.276  ;
; ula_operation[1] ; HEX0[4]     ; 9.241  ; 9.241  ; 9.241  ; 9.241  ;
; ula_operation[1] ; HEX0[5]     ; 9.279  ; 9.279  ; 9.279  ; 9.279  ;
; ula_operation[1] ; HEX0[6]     ; 9.233  ; 9.233  ; 9.233  ; 9.233  ;
; ula_operation[1] ; HEX1[0]     ; 12.850 ; 12.850 ; 12.850 ; 12.850 ;
; ula_operation[1] ; HEX1[1]     ; 12.337 ; 12.337 ; 12.337 ; 12.337 ;
; ula_operation[1] ; HEX1[2]     ; 12.197 ; 12.197 ; 12.197 ; 12.197 ;
; ula_operation[1] ; HEX1[3]     ; 12.324 ; 12.324 ; 12.324 ; 12.324 ;
; ula_operation[1] ; HEX1[4]     ; 12.257 ; 12.257 ; 12.257 ; 12.257 ;
; ula_operation[1] ; HEX1[5]     ; 12.533 ; 12.533 ; 12.533 ; 12.533 ;
; ula_operation[1] ; HEX1[6]     ; 12.584 ; 12.584 ; 12.584 ; 12.584 ;
; ula_operation[1] ; HEX2[0]     ; 7.241  ; 7.241  ; 7.241  ; 7.241  ;
; ula_operation[1] ; HEX2[3]     ; 7.268  ; 7.268  ; 7.268  ; 7.268  ;
; ula_operation[1] ; HEX2[4]     ; 7.035  ; 7.035  ; 7.035  ; 7.035  ;
; ula_operation[1] ; HEX2[5]     ; 7.025  ; 7.025  ; 7.025  ; 7.025  ;
; ula_operation[1] ; result[0]   ; 4.273  ; 4.786  ; 4.786  ; 4.273  ;
; ula_operation[1] ; result[1]   ; 5.455  ; 5.455  ; 5.455  ; 5.455  ;
; ula_operation[1] ; result[2]   ; 5.512  ; 5.512  ; 5.512  ; 5.512  ;
; ula_operation[1] ; result[3]   ; 4.888  ; 4.862  ; 4.862  ; 4.888  ;
; ula_operation[1] ; result[4]   ; 4.259  ;        ;        ; 4.259  ;
; ula_operation[1] ; result[5]   ; 4.189  ;        ;        ; 4.189  ;
; ula_operation[1] ; result[6]   ; 3.709  ;        ;        ; 3.709  ;
; ula_operation[2] ; HEX0[0]     ; 9.261  ; 9.261  ; 9.261  ; 9.261  ;
; ula_operation[2] ; HEX0[1]     ; 9.303  ; 9.303  ; 9.303  ; 9.303  ;
; ula_operation[2] ; HEX0[2]     ; 9.416  ; 9.416  ; 9.416  ; 9.416  ;
; ula_operation[2] ; HEX0[3]     ; 9.369  ; 9.369  ; 9.369  ; 9.369  ;
; ula_operation[2] ; HEX0[4]     ; 9.334  ; 9.334  ; 9.334  ; 9.334  ;
; ula_operation[2] ; HEX0[5]     ; 9.372  ; 9.372  ; 9.372  ; 9.372  ;
; ula_operation[2] ; HEX0[6]     ; 9.326  ; 9.326  ; 9.326  ; 9.326  ;
; ula_operation[2] ; HEX1[0]     ; 12.514 ; 12.514 ; 12.514 ; 12.514 ;
; ula_operation[2] ; HEX1[1]     ; 12.001 ; 12.001 ; 12.001 ; 12.001 ;
; ula_operation[2] ; HEX1[2]     ; 11.861 ; 11.861 ; 11.861 ; 11.861 ;
; ula_operation[2] ; HEX1[3]     ; 11.988 ; 11.988 ; 11.988 ; 11.988 ;
; ula_operation[2] ; HEX1[4]     ; 11.921 ; 11.921 ; 11.921 ; 11.921 ;
; ula_operation[2] ; HEX1[5]     ; 12.197 ; 12.197 ; 12.197 ; 12.197 ;
; ula_operation[2] ; HEX1[6]     ; 12.248 ; 12.248 ; 12.248 ; 12.248 ;
; ula_operation[2] ; HEX2[0]     ; 6.905  ; 6.905  ; 6.905  ; 6.905  ;
; ula_operation[2] ; HEX2[3]     ; 6.932  ; 6.932  ; 6.932  ; 6.932  ;
; ula_operation[2] ; HEX2[4]     ; 6.699  ; 6.699  ; 6.699  ; 6.699  ;
; ula_operation[2] ; HEX2[5]     ; 6.689  ; 6.689  ; 6.689  ; 6.689  ;
; ula_operation[2] ; result[0]   ; 4.723  ; 4.785  ; 4.785  ; 4.723  ;
; ula_operation[2] ; result[1]   ; 4.917  ; 4.917  ; 4.917  ; 4.917  ;
; ula_operation[2] ; result[2]   ; 5.176  ; 5.176  ; 5.176  ; 5.176  ;
; ula_operation[2] ; result[3]   ; 4.864  ; 4.981  ; 4.981  ; 4.864  ;
; ula_operation[2] ; result[4]   ;        ; 4.188  ; 4.188  ;        ;
; ula_operation[2] ; result[5]   ;        ; 4.118  ; 4.118  ;        ;
; ula_operation[2] ; result[6]   ;        ; 3.895  ; 3.895  ;        ;
; ula_operation[3] ; HEX0[0]     ; 8.855  ; 8.855  ; 8.855  ; 8.855  ;
; ula_operation[3] ; HEX0[1]     ; 8.897  ; 8.897  ; 8.897  ; 8.897  ;
; ula_operation[3] ; HEX0[2]     ; 9.010  ; 9.010  ; 9.010  ; 9.010  ;
; ula_operation[3] ; HEX0[3]     ; 8.963  ; 8.963  ; 8.963  ; 8.963  ;
; ula_operation[3] ; HEX0[4]     ; 8.928  ; 8.928  ; 8.928  ; 8.928  ;
; ula_operation[3] ; HEX0[5]     ; 8.966  ; 8.966  ; 8.966  ; 8.966  ;
; ula_operation[3] ; HEX0[6]     ; 8.920  ; 8.920  ; 8.920  ; 8.920  ;
; ula_operation[3] ; HEX1[0]     ; 11.579 ; 11.579 ; 11.579 ; 11.579 ;
; ula_operation[3] ; HEX1[1]     ; 11.066 ; 11.066 ; 11.066 ; 11.066 ;
; ula_operation[3] ; HEX1[2]     ; 10.913 ; 10.926 ; 10.926 ; 10.913 ;
; ula_operation[3] ; HEX1[3]     ; 11.053 ; 11.053 ; 11.053 ; 11.053 ;
; ula_operation[3] ; HEX1[4]     ; 10.986 ; 10.973 ; 10.973 ; 10.986 ;
; ula_operation[3] ; HEX1[5]     ; 11.262 ; 11.249 ; 11.249 ; 11.262 ;
; ula_operation[3] ; HEX1[6]     ; 11.313 ; 11.300 ; 11.300 ; 11.313 ;
; ula_operation[3] ; HEX2[0]     ; 5.969  ; 6.211  ; 6.211  ; 5.969  ;
; ula_operation[3] ; HEX2[3]     ; 5.996  ; 6.238  ; 6.238  ; 5.996  ;
; ula_operation[3] ; HEX2[4]     ; 5.763  ; 6.005  ; 6.005  ; 5.763  ;
; ula_operation[3] ; HEX2[5]     ; 5.753  ; 5.995  ; 5.995  ; 5.753  ;
; ula_operation[3] ; result[0]   ; 3.917  ; 3.513  ; 3.513  ; 3.917  ;
; ula_operation[3] ; result[1]   ; 3.795  ; 3.440  ; 3.440  ; 3.795  ;
; ula_operation[3] ; result[2]   ; 3.798  ; 3.452  ; 3.452  ; 3.798  ;
; ula_operation[3] ; result[3]   ; 4.176  ; 4.418  ; 4.418  ; 4.176  ;
; ula_operation[3] ; result[4]   ;        ; 4.214  ; 4.214  ;        ;
; ula_operation[3] ; result[5]   ;        ; 4.142  ; 4.142  ;        ;
; ula_operation[3] ; result[6]   ;        ; 3.796  ; 3.796  ;        ;
+------------------+-------------+--------+--------+--------+--------+


+----------------------------------------------------------------+
; Minimum Propagation Delay                                      ;
+------------------+-------------+-------+-------+-------+-------+
; Input Port       ; Output Port ; RR    ; RF    ; FR    ; FF    ;
+------------------+-------------+-------+-------+-------+-------+
; ula_operation[0] ; HEX0[0]     ; 5.413 ; 5.413 ; 5.413 ; 5.413 ;
; ula_operation[0] ; HEX0[1]     ; 5.448 ; 5.448 ; 5.448 ; 5.448 ;
; ula_operation[0] ; HEX0[2]     ; 5.568 ; 5.568 ; 5.568 ; 5.568 ;
; ula_operation[0] ; HEX0[3]     ; 5.523 ; 5.523 ; 5.523 ; 5.523 ;
; ula_operation[0] ; HEX0[4]     ; 5.489 ; 5.489 ; 5.489 ; 5.489 ;
; ula_operation[0] ; HEX0[5]     ; 5.523 ; 5.523 ; 5.523 ; 5.523 ;
; ula_operation[0] ; HEX0[6]     ; 5.476 ; 5.476 ; 5.476 ; 5.476 ;
; ula_operation[0] ; HEX1[0]     ; 6.917 ; 6.872 ; 6.872 ; 6.917 ;
; ula_operation[0] ; HEX1[1]     ; 6.404 ; 6.368 ; 6.368 ; 6.404 ;
; ula_operation[0] ; HEX1[2]     ; 6.264 ; 6.264 ; 6.264 ; 6.264 ;
; ula_operation[0] ; HEX1[3]     ; 6.391 ; 6.362 ; 6.362 ; 6.391 ;
; ula_operation[0] ; HEX1[4]     ; 6.324 ; 6.281 ; 6.281 ; 6.324 ;
; ula_operation[0] ; HEX1[5]     ; 6.600 ; 6.558 ; 6.558 ; 6.600 ;
; ula_operation[0] ; HEX1[6]     ; 6.651 ; 6.627 ; 6.627 ; 6.651 ;
; ula_operation[0] ; HEX2[0]     ; 5.977 ; 6.050 ; 6.050 ; 5.977 ;
; ula_operation[0] ; HEX2[3]     ; 6.004 ; 6.077 ; 6.077 ; 6.004 ;
; ula_operation[0] ; HEX2[4]     ; 5.771 ; 5.844 ; 5.844 ; 5.771 ;
; ula_operation[0] ; HEX2[5]     ; 5.761 ; 5.834 ; 5.834 ; 5.761 ;
; ula_operation[0] ; result[0]   ; 4.399 ; 4.399 ; 4.399 ; 4.399 ;
; ula_operation[0] ; result[1]   ; 4.519 ; 4.519 ; 4.519 ; 4.519 ;
; ula_operation[0] ; result[2]   ; 4.525 ; 4.525 ; 4.525 ; 4.525 ;
; ula_operation[0] ; result[3]   ; 4.840 ; 4.257 ; 4.257 ; 4.840 ;
; ula_operation[0] ; result[4]   ; 4.907 ;       ;       ; 4.907 ;
; ula_operation[0] ; result[5]   ; 4.835 ;       ;       ; 4.835 ;
; ula_operation[0] ; result[6]   ; 4.489 ;       ;       ; 4.489 ;
; ula_operation[1] ; HEX0[0]     ; 5.156 ; 5.252 ; 5.252 ; 5.156 ;
; ula_operation[1] ; HEX0[1]     ; 5.198 ; 5.198 ; 5.198 ; 5.198 ;
; ula_operation[1] ; HEX0[2]     ; 5.407 ; 5.320 ; 5.320 ; 5.407 ;
; ula_operation[1] ; HEX0[3]     ; 5.271 ; 5.271 ; 5.271 ; 5.271 ;
; ula_operation[1] ; HEX0[4]     ; 5.225 ; 5.328 ; 5.328 ; 5.225 ;
; ula_operation[1] ; HEX0[5]     ; 5.373 ; 5.270 ; 5.270 ; 5.373 ;
; ula_operation[1] ; HEX0[6]     ; 5.224 ; 5.224 ; 5.224 ; 5.224 ;
; ula_operation[1] ; HEX1[0]     ; 6.279 ; 6.201 ; 6.201 ; 6.279 ;
; ula_operation[1] ; HEX1[1]     ; 5.752 ; 5.697 ; 5.697 ; 5.752 ;
; ula_operation[1] ; HEX1[2]     ; 5.861 ; 5.966 ; 5.966 ; 5.861 ;
; ula_operation[1] ; HEX1[3]     ; 5.743 ; 5.691 ; 5.691 ; 5.743 ;
; ula_operation[1] ; HEX1[4]     ; 5.664 ; 5.610 ; 5.610 ; 5.664 ;
; ula_operation[1] ; HEX1[5]     ; 5.938 ; 5.887 ; 5.887 ; 5.938 ;
; ula_operation[1] ; HEX1[6]     ; 5.988 ; 5.956 ; 5.956 ; 5.988 ;
; ula_operation[1] ; HEX2[0]     ; 5.197 ; 5.848 ; 5.848 ; 5.197 ;
; ula_operation[1] ; HEX2[3]     ; 5.224 ; 5.875 ; 5.875 ; 5.224 ;
; ula_operation[1] ; HEX2[4]     ; 4.991 ; 5.642 ; 5.642 ; 4.991 ;
; ula_operation[1] ; HEX2[5]     ; 4.981 ; 5.632 ; 5.632 ; 4.981 ;
; ula_operation[1] ; result[0]   ; 4.249 ; 4.238 ; 4.238 ; 4.249 ;
; ula_operation[1] ; result[1]   ; 4.743 ; 4.116 ; 4.116 ; 4.743 ;
; ula_operation[1] ; result[2]   ; 5.000 ; 4.119 ; 4.119 ; 5.000 ;
; ula_operation[1] ; result[3]   ; 4.381 ; 4.377 ; 4.377 ; 4.381 ;
; ula_operation[1] ; result[4]   ; 4.259 ;       ;       ; 4.259 ;
; ula_operation[1] ; result[5]   ; 4.189 ;       ;       ; 4.189 ;
; ula_operation[1] ; result[6]   ; 3.709 ;       ;       ; 3.709 ;
; ula_operation[2] ; HEX0[0]     ; 5.473 ; 5.569 ; 5.569 ; 5.473 ;
; ula_operation[2] ; HEX0[1]     ; 5.515 ; 5.515 ; 5.515 ; 5.515 ;
; ula_operation[2] ; HEX0[2]     ; 5.724 ; 5.637 ; 5.637 ; 5.724 ;
; ula_operation[2] ; HEX0[3]     ; 5.588 ; 5.588 ; 5.588 ; 5.588 ;
; ula_operation[2] ; HEX0[4]     ; 5.542 ; 5.645 ; 5.645 ; 5.542 ;
; ula_operation[2] ; HEX0[5]     ; 5.835 ; 5.587 ; 5.587 ; 5.835 ;
; ula_operation[2] ; HEX0[6]     ; 5.541 ; 5.541 ; 5.541 ; 5.541 ;
; ula_operation[2] ; HEX1[0]     ; 6.374 ; 6.452 ; 6.452 ; 6.374 ;
; ula_operation[2] ; HEX1[1]     ; 5.870 ; 5.925 ; 5.925 ; 5.870 ;
; ula_operation[2] ; HEX1[2]     ; 6.139 ; 6.139 ; 6.139 ; 6.139 ;
; ula_operation[2] ; HEX1[3]     ; 5.864 ; 5.916 ; 5.916 ; 5.864 ;
; ula_operation[2] ; HEX1[4]     ; 5.783 ; 5.837 ; 5.837 ; 5.783 ;
; ula_operation[2] ; HEX1[5]     ; 6.060 ; 6.111 ; 6.111 ; 6.060 ;
; ula_operation[2] ; HEX1[6]     ; 6.129 ; 6.161 ; 6.161 ; 6.129 ;
; ula_operation[2] ; HEX2[0]     ; 6.588 ; 5.275 ; 5.275 ; 6.588 ;
; ula_operation[2] ; HEX2[3]     ; 6.615 ; 5.302 ; 5.302 ; 6.615 ;
; ula_operation[2] ; HEX2[4]     ; 6.382 ; 5.069 ; 5.069 ; 6.382 ;
; ula_operation[2] ; HEX2[5]     ; 6.372 ; 5.059 ; 5.059 ; 6.372 ;
; ula_operation[2] ; result[0]   ; 4.711 ; 4.555 ; 4.555 ; 4.711 ;
; ula_operation[2] ; result[1]   ; 4.783 ; 4.433 ; 4.433 ; 4.783 ;
; ula_operation[2] ; result[2]   ; 4.984 ; 4.436 ; 4.436 ; 4.984 ;
; ula_operation[2] ; result[3]   ; 4.795 ; 4.530 ; 4.530 ; 4.795 ;
; ula_operation[2] ; result[4]   ;       ; 4.188 ; 4.188 ;       ;
; ula_operation[2] ; result[5]   ;       ; 4.118 ; 4.118 ;       ;
; ula_operation[2] ; result[6]   ;       ; 3.895 ; 3.895 ;       ;
; ula_operation[3] ; HEX0[0]     ; 4.480 ; 4.527 ; 4.527 ; 4.480 ;
; ula_operation[3] ; HEX0[1]     ; 4.522 ; 4.522 ; 4.522 ; 4.522 ;
; ula_operation[3] ; HEX0[2]     ; 4.682 ; 4.644 ; 4.644 ; 4.682 ;
; ula_operation[3] ; HEX0[3]     ; 4.595 ; 4.595 ; 4.595 ; 4.595 ;
; ula_operation[3] ; HEX0[4]     ; 4.549 ; 4.603 ; 4.603 ; 4.549 ;
; ula_operation[3] ; HEX0[5]     ; 4.949 ; 4.594 ; 4.594 ; 4.949 ;
; ula_operation[3] ; HEX0[6]     ; 4.548 ; 4.548 ; 4.548 ; 4.548 ;
; ula_operation[3] ; HEX1[0]     ; 5.838 ; 5.838 ; 5.838 ; 5.838 ;
; ula_operation[3] ; HEX1[1]     ; 5.325 ; 5.325 ; 5.325 ; 5.325 ;
; ula_operation[3] ; HEX1[2]     ; 5.185 ; 5.540 ; 5.540 ; 5.185 ;
; ula_operation[3] ; HEX1[3]     ; 5.312 ; 5.312 ; 5.312 ; 5.312 ;
; ula_operation[3] ; HEX1[4]     ; 5.600 ; 5.245 ; 5.245 ; 5.600 ;
; ula_operation[3] ; HEX1[5]     ; 5.876 ; 5.521 ; 5.521 ; 5.876 ;
; ula_operation[3] ; HEX1[6]     ; 5.927 ; 5.572 ; 5.572 ; 5.927 ;
; ula_operation[3] ; HEX2[0]     ; 5.527 ; 5.181 ; 5.181 ; 5.527 ;
; ula_operation[3] ; HEX2[3]     ; 5.554 ; 5.208 ; 5.208 ; 5.554 ;
; ula_operation[3] ; HEX2[4]     ; 5.321 ; 4.975 ; 4.975 ; 5.321 ;
; ula_operation[3] ; HEX2[5]     ; 5.311 ; 4.965 ; 4.965 ; 5.311 ;
; ula_operation[3] ; result[0]   ; 3.917 ; 3.513 ; 3.513 ; 3.917 ;
; ula_operation[3] ; result[1]   ; 3.795 ; 3.440 ; 3.440 ; 3.795 ;
; ula_operation[3] ; result[2]   ; 3.798 ; 3.452 ; 3.452 ; 3.798 ;
; ula_operation[3] ; result[3]   ; 4.176 ; 3.591 ; 3.591 ; 4.176 ;
; ula_operation[3] ; result[4]   ;       ; 4.214 ; 4.214 ;       ;
; ula_operation[3] ; result[5]   ;       ; 4.142 ; 4.142 ;       ;
; ula_operation[3] ; result[6]   ;       ; 3.796 ; 3.796 ;       ;
+------------------+-------------+-------+-------+-------+-------+


+----------------------------------------------------------------------------+
; Multicorner Timing Analysis Summary                                        ;
+------------------+-------+------+----------+---------+---------------------+
; Clock            ; Setup ; Hold ; Recovery ; Removal ; Minimum Pulse Width ;
+------------------+-------+------+----------+---------+---------------------+
; Worst-case Slack ; N/A   ; N/A  ; N/A      ; N/A     ; -1.631              ;
;  clock           ; N/A   ; N/A  ; N/A      ; N/A     ; -1.631              ;
; Design-wide TNS  ; 0.0   ; 0.0  ; 0.0      ; 0.0     ; -10.185             ;
;  clock           ; N/A   ; N/A  ; N/A      ; N/A     ; -10.185             ;
+------------------+-------+------+----------+---------+---------------------+


+----------------------------------------------------------------------------+
; Setup Times                                                                ;
+--------------+------------+--------+--------+------------+-----------------+
; Data Port    ; Clock Port ; Rise   ; Fall   ; Clock Edge ; Clock Reference ;
+--------------+------------+--------+--------+------------+-----------------+
; operando[*]  ; clock      ; 0.456  ; 0.456  ; Rise       ; clock           ;
;  operando[0] ; clock      ; -0.249 ; -0.249 ; Rise       ; clock           ;
;  operando[1] ; clock      ; -0.313 ; -0.313 ; Rise       ; clock           ;
;  operando[2] ; clock      ; -0.311 ; -0.311 ; Rise       ; clock           ;
;  operando[3] ; clock      ; 0.456  ; 0.456  ; Rise       ; clock           ;
; setRegA      ; clock      ; 1.244  ; 1.244  ; Rise       ; clock           ;
; setRegB      ; clock      ; 1.253  ; 1.253  ; Rise       ; clock           ;
+--------------+------------+--------+--------+------------+-----------------+


+--------------------------------------------------------------------------+
; Hold Times                                                               ;
+--------------+------------+-------+-------+------------+-----------------+
; Data Port    ; Clock Port ; Rise  ; Fall  ; Clock Edge ; Clock Reference ;
+--------------+------------+-------+-------+------------+-----------------+
; operando[*]  ; clock      ; 0.761 ; 0.761 ; Rise       ; clock           ;
;  operando[0] ; clock      ; 0.711 ; 0.711 ; Rise       ; clock           ;
;  operando[1] ; clock      ; 0.761 ; 0.761 ; Rise       ; clock           ;
;  operando[2] ; clock      ; 0.759 ; 0.759 ; Rise       ; clock           ;
;  operando[3] ; clock      ; 0.415 ; 0.415 ; Rise       ; clock           ;
; setRegA      ; clock      ; 0.156 ; 0.156 ; Rise       ; clock           ;
; setRegB      ; clock      ; 0.150 ; 0.150 ; Rise       ; clock           ;
+--------------+------------+-------+-------+------------+-----------------+


+--------------------------------------------------------------------------+
; Clock to Output Times                                                    ;
+------------+------------+--------+--------+------------+-----------------+
; Data Port  ; Clock Port ; Rise   ; Fall   ; Clock Edge ; Clock Reference ;
+------------+------------+--------+--------+------------+-----------------+
; HEX0[*]    ; clock      ; 28.557 ; 28.557 ; Rise       ; clock           ;
;  HEX0[0]   ; clock      ; 28.282 ; 28.282 ; Rise       ; clock           ;
;  HEX0[1]   ; clock      ; 28.345 ; 28.345 ; Rise       ; clock           ;
;  HEX0[2]   ; clock      ; 28.543 ; 28.543 ; Rise       ; clock           ;
;  HEX0[3]   ; clock      ; 28.557 ; 28.557 ; Rise       ; clock           ;
;  HEX0[4]   ; clock      ; 28.489 ; 28.489 ; Rise       ; clock           ;
;  HEX0[5]   ; clock      ; 28.521 ; 28.521 ; Rise       ; clock           ;
;  HEX0[6]   ; clock      ; 28.476 ; 28.476 ; Rise       ; clock           ;
; HEX1[*]    ; clock      ; 37.655 ; 37.655 ; Rise       ; clock           ;
;  HEX1[0]   ; clock      ; 37.655 ; 37.655 ; Rise       ; clock           ;
;  HEX1[1]   ; clock      ; 36.585 ; 36.585 ; Rise       ; clock           ;
;  HEX1[2]   ; clock      ; 36.237 ; 36.237 ; Rise       ; clock           ;
;  HEX1[3]   ; clock      ; 36.557 ; 36.557 ; Rise       ; clock           ;
;  HEX1[4]   ; clock      ; 36.332 ; 36.332 ; Rise       ; clock           ;
;  HEX1[5]   ; clock      ; 36.931 ; 36.931 ; Rise       ; clock           ;
;  HEX1[6]   ; clock      ; 37.235 ; 37.235 ; Rise       ; clock           ;
; HEX2[*]    ; clock      ; 22.806 ; 22.806 ; Rise       ; clock           ;
;  HEX2[0]   ; clock      ; 22.780 ; 22.780 ; Rise       ; clock           ;
;  HEX2[3]   ; clock      ; 22.806 ; 22.806 ; Rise       ; clock           ;
;  HEX2[4]   ; clock      ; 22.207 ; 22.207 ; Rise       ; clock           ;
;  HEX2[5]   ; clock      ; 22.197 ; 22.197 ; Rise       ; clock           ;
; result[*]  ; clock      ; 18.223 ; 18.223 ; Rise       ; clock           ;
;  result[0] ; clock      ; 17.670 ; 17.670 ; Rise       ; clock           ;
;  result[1] ; clock      ; 16.773 ; 16.773 ; Rise       ; clock           ;
;  result[2] ; clock      ; 18.223 ; 18.223 ; Rise       ; clock           ;
;  result[3] ; clock      ; 16.706 ; 16.706 ; Rise       ; clock           ;
;  result[4] ; clock      ; 15.191 ; 15.191 ; Rise       ; clock           ;
;  result[5] ; clock      ; 14.986 ; 14.986 ; Rise       ; clock           ;
;  result[6] ; clock      ; 14.211 ; 14.211 ; Rise       ; clock           ;
+------------+------------+--------+--------+------------+-----------------+


+------------------------------------------------------------------------+
; Minimum Clock to Output Times                                          ;
+------------+------------+-------+-------+------------+-----------------+
; Data Port  ; Clock Port ; Rise  ; Fall  ; Clock Edge ; Clock Reference ;
+------------+------------+-------+-------+------------+-----------------+
; HEX0[*]    ; clock      ; 5.820 ; 5.820 ; Rise       ; clock           ;
;  HEX0[0]   ; clock      ; 5.820 ; 5.820 ; Rise       ; clock           ;
;  HEX0[1]   ; clock      ; 5.855 ; 5.855 ; Rise       ; clock           ;
;  HEX0[2]   ; clock      ; 5.975 ; 5.975 ; Rise       ; clock           ;
;  HEX0[3]   ; clock      ; 5.930 ; 5.930 ; Rise       ; clock           ;
;  HEX0[4]   ; clock      ; 5.896 ; 5.896 ; Rise       ; clock           ;
;  HEX0[5]   ; clock      ; 5.930 ; 5.930 ; Rise       ; clock           ;
;  HEX0[6]   ; clock      ; 5.883 ; 5.883 ; Rise       ; clock           ;
; HEX1[*]    ; clock      ; 6.982 ; 6.982 ; Rise       ; clock           ;
;  HEX1[0]   ; clock      ; 7.635 ; 7.635 ; Rise       ; clock           ;
;  HEX1[1]   ; clock      ; 7.122 ; 7.122 ; Rise       ; clock           ;
;  HEX1[2]   ; clock      ; 6.982 ; 6.982 ; Rise       ; clock           ;
;  HEX1[3]   ; clock      ; 7.109 ; 7.109 ; Rise       ; clock           ;
;  HEX1[4]   ; clock      ; 7.042 ; 7.042 ; Rise       ; clock           ;
;  HEX1[5]   ; clock      ; 7.318 ; 7.318 ; Rise       ; clock           ;
;  HEX1[6]   ; clock      ; 7.369 ; 7.369 ; Rise       ; clock           ;
; HEX2[*]    ; clock      ; 6.375 ; 6.375 ; Rise       ; clock           ;
;  HEX2[0]   ; clock      ; 6.591 ; 6.591 ; Rise       ; clock           ;
;  HEX2[3]   ; clock      ; 6.618 ; 6.618 ; Rise       ; clock           ;
;  HEX2[4]   ; clock      ; 6.385 ; 6.385 ; Rise       ; clock           ;
;  HEX2[5]   ; clock      ; 6.375 ; 6.375 ; Rise       ; clock           ;
; result[*]  ; clock      ; 4.806 ; 4.806 ; Rise       ; clock           ;
;  result[0] ; clock      ; 4.806 ; 4.806 ; Rise       ; clock           ;
;  result[1] ; clock      ; 5.237 ; 5.237 ; Rise       ; clock           ;
;  result[2] ; clock      ; 5.277 ; 5.277 ; Rise       ; clock           ;
;  result[3] ; clock      ; 5.298 ; 5.298 ; Rise       ; clock           ;
;  result[4] ; clock      ; 5.730 ; 5.730 ; Rise       ; clock           ;
;  result[5] ; clock      ; 5.434 ; 5.434 ; Rise       ; clock           ;
;  result[6] ; clock      ; 5.222 ; 5.222 ; Rise       ; clock           ;
+------------+------------+-------+-------+------------+-----------------+


+--------------------------------------------------------------------+
; Progagation Delay                                                  ;
+------------------+-------------+--------+--------+--------+--------+
; Input Port       ; Output Port ; RR     ; RF     ; FR     ; FF     ;
+------------------+-------------+--------+--------+--------+--------+
; ula_operation[0] ; HEX0[0]     ; 23.911 ; 23.911 ; 23.911 ; 23.911 ;
; ula_operation[0] ; HEX0[1]     ; 23.974 ; 23.974 ; 23.974 ; 23.974 ;
; ula_operation[0] ; HEX0[2]     ; 24.172 ; 24.172 ; 24.172 ; 24.172 ;
; ula_operation[0] ; HEX0[3]     ; 24.186 ; 24.186 ; 24.186 ; 24.186 ;
; ula_operation[0] ; HEX0[4]     ; 24.118 ; 24.118 ; 24.118 ; 24.118 ;
; ula_operation[0] ; HEX0[5]     ; 24.150 ; 24.150 ; 24.150 ; 24.150 ;
; ula_operation[0] ; HEX0[6]     ; 24.105 ; 24.105 ; 24.105 ; 24.105 ;
; ula_operation[0] ; HEX1[0]     ; 32.706 ; 32.706 ; 32.706 ; 32.706 ;
; ula_operation[0] ; HEX1[1]     ; 31.636 ; 31.636 ; 31.636 ; 31.636 ;
; ula_operation[0] ; HEX1[2]     ; 31.288 ; 31.288 ; 31.288 ; 31.288 ;
; ula_operation[0] ; HEX1[3]     ; 31.608 ; 31.608 ; 31.608 ; 31.608 ;
; ula_operation[0] ; HEX1[4]     ; 31.383 ; 31.383 ; 31.383 ; 31.383 ;
; ula_operation[0] ; HEX1[5]     ; 31.982 ; 31.982 ; 31.982 ; 31.982 ;
; ula_operation[0] ; HEX1[6]     ; 32.286 ; 32.286 ; 32.286 ; 32.286 ;
; ula_operation[0] ; HEX2[0]     ; 17.831 ; 17.831 ; 17.831 ; 17.831 ;
; ula_operation[0] ; HEX2[3]     ; 17.857 ; 17.857 ; 17.857 ; 17.857 ;
; ula_operation[0] ; HEX2[4]     ; 17.258 ; 17.258 ; 17.258 ; 17.258 ;
; ula_operation[0] ; HEX2[5]     ; 17.248 ; 17.248 ; 17.248 ; 17.248 ;
; ula_operation[0] ; result[0]   ; 10.112 ; 10.070 ; 10.070 ; 10.112 ;
; ula_operation[0] ; result[1]   ; 13.172 ; 13.172 ; 13.172 ; 13.172 ;
; ula_operation[0] ; result[2]   ; 13.274 ; 13.274 ; 13.274 ; 13.274 ;
; ula_operation[0] ; result[3]   ; 11.931 ; 11.262 ; 11.262 ; 11.931 ;
; ula_operation[0] ; result[4]   ; 11.134 ;        ;        ; 11.134 ;
; ula_operation[0] ; result[5]   ; 11.034 ;        ;        ; 11.034 ;
; ula_operation[0] ; result[6]   ; 9.961  ;        ;        ; 9.961  ;
; ula_operation[1] ; HEX0[0]     ; 22.901 ; 22.901 ; 22.901 ; 22.901 ;
; ula_operation[1] ; HEX0[1]     ; 22.964 ; 22.964 ; 22.964 ; 22.964 ;
; ula_operation[1] ; HEX0[2]     ; 23.162 ; 23.162 ; 23.162 ; 23.162 ;
; ula_operation[1] ; HEX0[3]     ; 23.176 ; 23.176 ; 23.176 ; 23.176 ;
; ula_operation[1] ; HEX0[4]     ; 23.108 ; 23.108 ; 23.108 ; 23.108 ;
; ula_operation[1] ; HEX0[5]     ; 23.140 ; 23.140 ; 23.140 ; 23.140 ;
; ula_operation[1] ; HEX0[6]     ; 23.095 ; 23.095 ; 23.095 ; 23.095 ;
; ula_operation[1] ; HEX1[0]     ; 32.651 ; 32.651 ; 32.651 ; 32.651 ;
; ula_operation[1] ; HEX1[1]     ; 31.581 ; 31.581 ; 31.581 ; 31.581 ;
; ula_operation[1] ; HEX1[2]     ; 31.233 ; 31.233 ; 31.233 ; 31.233 ;
; ula_operation[1] ; HEX1[3]     ; 31.553 ; 31.553 ; 31.553 ; 31.553 ;
; ula_operation[1] ; HEX1[4]     ; 31.328 ; 31.328 ; 31.328 ; 31.328 ;
; ula_operation[1] ; HEX1[5]     ; 31.927 ; 31.927 ; 31.927 ; 31.927 ;
; ula_operation[1] ; HEX1[6]     ; 32.231 ; 32.231 ; 32.231 ; 32.231 ;
; ula_operation[1] ; HEX2[0]     ; 17.776 ; 17.776 ; 17.776 ; 17.776 ;
; ula_operation[1] ; HEX2[3]     ; 17.802 ; 17.802 ; 17.802 ; 17.802 ;
; ula_operation[1] ; HEX2[4]     ; 17.203 ; 17.203 ; 17.203 ; 17.203 ;
; ula_operation[1] ; HEX2[5]     ; 17.193 ; 17.193 ; 17.193 ; 17.193 ;
; ula_operation[1] ; result[0]   ; 9.733  ; 10.949 ; 10.949 ; 9.733  ;
; ula_operation[1] ; result[1]   ; 13.172 ; 13.172 ; 13.172 ; 13.172 ;
; ula_operation[1] ; result[2]   ; 13.219 ; 13.219 ; 13.219 ; 13.219 ;
; ula_operation[1] ; result[3]   ; 11.325 ; 11.181 ; 11.181 ; 11.325 ;
; ula_operation[1] ; result[4]   ; 9.480  ;        ;        ; 9.480  ;
; ula_operation[1] ; result[5]   ; 9.383  ;        ;        ; 9.383  ;
; ula_operation[1] ; result[6]   ; 7.922  ;        ;        ; 7.922  ;
; ula_operation[2] ; HEX0[0]     ; 23.175 ; 23.175 ; 23.175 ; 23.175 ;
; ula_operation[2] ; HEX0[1]     ; 23.238 ; 23.238 ; 23.238 ; 23.238 ;
; ula_operation[2] ; HEX0[2]     ; 23.436 ; 23.436 ; 23.436 ; 23.436 ;
; ula_operation[2] ; HEX0[3]     ; 23.450 ; 23.450 ; 23.450 ; 23.450 ;
; ula_operation[2] ; HEX0[4]     ; 23.382 ; 23.382 ; 23.382 ; 23.382 ;
; ula_operation[2] ; HEX0[5]     ; 23.414 ; 23.414 ; 23.414 ; 23.414 ;
; ula_operation[2] ; HEX0[6]     ; 23.369 ; 23.369 ; 23.369 ; 23.369 ;
; ula_operation[2] ; HEX1[0]     ; 31.489 ; 31.489 ; 31.489 ; 31.489 ;
; ula_operation[2] ; HEX1[1]     ; 30.419 ; 30.419 ; 30.419 ; 30.419 ;
; ula_operation[2] ; HEX1[2]     ; 30.071 ; 30.071 ; 30.071 ; 30.071 ;
; ula_operation[2] ; HEX1[3]     ; 30.391 ; 30.391 ; 30.391 ; 30.391 ;
; ula_operation[2] ; HEX1[4]     ; 30.166 ; 30.166 ; 30.166 ; 30.166 ;
; ula_operation[2] ; HEX1[5]     ; 30.765 ; 30.765 ; 30.765 ; 30.765 ;
; ula_operation[2] ; HEX1[6]     ; 31.069 ; 31.069 ; 31.069 ; 31.069 ;
; ula_operation[2] ; HEX2[0]     ; 16.614 ; 16.614 ; 16.614 ; 16.614 ;
; ula_operation[2] ; HEX2[3]     ; 16.640 ; 16.640 ; 16.640 ; 16.640 ;
; ula_operation[2] ; HEX2[4]     ; 16.041 ; 16.041 ; 16.041 ; 16.041 ;
; ula_operation[2] ; HEX2[5]     ; 16.031 ; 16.031 ; 16.031 ; 16.031 ;
; ula_operation[2] ; result[0]   ; 10.853 ; 10.963 ; 10.963 ; 10.853 ;
; ula_operation[2] ; result[1]   ; 11.454 ; 11.454 ; 11.454 ; 11.454 ;
; ula_operation[2] ; result[2]   ; 12.057 ; 12.057 ; 12.057 ; 12.057 ;
; ula_operation[2] ; result[3]   ; 11.258 ; 11.599 ; 11.599 ; 11.258 ;
; ula_operation[2] ; result[4]   ;        ; 9.287  ; 9.287  ;        ;
; ula_operation[2] ; result[5]   ;        ; 9.191  ; 9.191  ;        ;
; ula_operation[2] ; result[6]   ;        ; 8.370  ; 8.370  ;        ;
; ula_operation[3] ; HEX0[0]     ; 22.386 ; 22.386 ; 22.386 ; 22.386 ;
; ula_operation[3] ; HEX0[1]     ; 22.449 ; 22.449 ; 22.449 ; 22.449 ;
; ula_operation[3] ; HEX0[2]     ; 22.647 ; 22.647 ; 22.647 ; 22.647 ;
; ula_operation[3] ; HEX0[3]     ; 22.661 ; 22.661 ; 22.661 ; 22.661 ;
; ula_operation[3] ; HEX0[4]     ; 22.593 ; 22.593 ; 22.593 ; 22.593 ;
; ula_operation[3] ; HEX0[5]     ; 22.625 ; 22.625 ; 22.625 ; 22.625 ;
; ula_operation[3] ; HEX0[6]     ; 22.580 ; 22.580 ; 22.580 ; 22.580 ;
; ula_operation[3] ; HEX1[0]     ; 29.318 ; 29.318 ; 29.318 ; 29.318 ;
; ula_operation[3] ; HEX1[1]     ; 28.248 ; 28.248 ; 28.248 ; 28.248 ;
; ula_operation[3] ; HEX1[2]     ; 27.900 ; 27.883 ; 27.883 ; 27.900 ;
; ula_operation[3] ; HEX1[3]     ; 28.220 ; 28.220 ; 28.220 ; 28.220 ;
; ula_operation[3] ; HEX1[4]     ; 27.978 ; 27.995 ; 27.995 ; 27.978 ;
; ula_operation[3] ; HEX1[5]     ; 28.577 ; 28.594 ; 28.594 ; 28.577 ;
; ula_operation[3] ; HEX1[6]     ; 28.881 ; 28.898 ; 28.898 ; 28.881 ;
; ula_operation[3] ; HEX2[0]     ; 14.459 ; 15.066 ; 15.066 ; 14.459 ;
; ula_operation[3] ; HEX2[3]     ; 14.485 ; 15.092 ; 15.092 ; 14.485 ;
; ula_operation[3] ; HEX2[4]     ; 13.886 ; 14.493 ; 14.493 ; 13.886 ;
; ula_operation[3] ; HEX2[5]     ; 13.876 ; 14.483 ; 14.483 ; 13.876 ;
; ula_operation[3] ; result[0]   ; 8.890  ; 7.849  ; 7.849  ; 8.890  ;
; ula_operation[3] ; result[1]   ; 8.720  ; 7.736  ; 7.736  ; 8.720  ;
; ula_operation[3] ; result[2]   ; 8.640  ; 7.666  ; 7.666  ; 8.640  ;
; ula_operation[3] ; result[3]   ; 9.799  ; 10.406 ; 10.406 ; 9.799  ;
; ula_operation[3] ; result[4]   ;        ; 9.609  ; 9.609  ;        ;
; ula_operation[3] ; result[5]   ;        ; 9.509  ; 9.509  ;        ;
; ula_operation[3] ; result[6]   ;        ; 8.436  ; 8.436  ;        ;
+------------------+-------------+--------+--------+--------+--------+


+----------------------------------------------------------------+
; Minimum Progagation Delay                                      ;
+------------------+-------------+-------+-------+-------+-------+
; Input Port       ; Output Port ; RR    ; RF    ; FR    ; FF    ;
+------------------+-------------+-------+-------+-------+-------+
; ula_operation[0] ; HEX0[0]     ; 5.413 ; 5.413 ; 5.413 ; 5.413 ;
; ula_operation[0] ; HEX0[1]     ; 5.448 ; 5.448 ; 5.448 ; 5.448 ;
; ula_operation[0] ; HEX0[2]     ; 5.568 ; 5.568 ; 5.568 ; 5.568 ;
; ula_operation[0] ; HEX0[3]     ; 5.523 ; 5.523 ; 5.523 ; 5.523 ;
; ula_operation[0] ; HEX0[4]     ; 5.489 ; 5.489 ; 5.489 ; 5.489 ;
; ula_operation[0] ; HEX0[5]     ; 5.523 ; 5.523 ; 5.523 ; 5.523 ;
; ula_operation[0] ; HEX0[6]     ; 5.476 ; 5.476 ; 5.476 ; 5.476 ;
; ula_operation[0] ; HEX1[0]     ; 6.917 ; 6.872 ; 6.872 ; 6.917 ;
; ula_operation[0] ; HEX1[1]     ; 6.404 ; 6.368 ; 6.368 ; 6.404 ;
; ula_operation[0] ; HEX1[2]     ; 6.264 ; 6.264 ; 6.264 ; 6.264 ;
; ula_operation[0] ; HEX1[3]     ; 6.391 ; 6.362 ; 6.362 ; 6.391 ;
; ula_operation[0] ; HEX1[4]     ; 6.324 ; 6.281 ; 6.281 ; 6.324 ;
; ula_operation[0] ; HEX1[5]     ; 6.600 ; 6.558 ; 6.558 ; 6.600 ;
; ula_operation[0] ; HEX1[6]     ; 6.651 ; 6.627 ; 6.627 ; 6.651 ;
; ula_operation[0] ; HEX2[0]     ; 5.977 ; 6.050 ; 6.050 ; 5.977 ;
; ula_operation[0] ; HEX2[3]     ; 6.004 ; 6.077 ; 6.077 ; 6.004 ;
; ula_operation[0] ; HEX2[4]     ; 5.771 ; 5.844 ; 5.844 ; 5.771 ;
; ula_operation[0] ; HEX2[5]     ; 5.761 ; 5.834 ; 5.834 ; 5.761 ;
; ula_operation[0] ; result[0]   ; 4.399 ; 4.399 ; 4.399 ; 4.399 ;
; ula_operation[0] ; result[1]   ; 4.519 ; 4.519 ; 4.519 ; 4.519 ;
; ula_operation[0] ; result[2]   ; 4.525 ; 4.525 ; 4.525 ; 4.525 ;
; ula_operation[0] ; result[3]   ; 4.840 ; 4.257 ; 4.257 ; 4.840 ;
; ula_operation[0] ; result[4]   ; 4.907 ;       ;       ; 4.907 ;
; ula_operation[0] ; result[5]   ; 4.835 ;       ;       ; 4.835 ;
; ula_operation[0] ; result[6]   ; 4.489 ;       ;       ; 4.489 ;
; ula_operation[1] ; HEX0[0]     ; 5.156 ; 5.252 ; 5.252 ; 5.156 ;
; ula_operation[1] ; HEX0[1]     ; 5.198 ; 5.198 ; 5.198 ; 5.198 ;
; ula_operation[1] ; HEX0[2]     ; 5.407 ; 5.320 ; 5.320 ; 5.407 ;
; ula_operation[1] ; HEX0[3]     ; 5.271 ; 5.271 ; 5.271 ; 5.271 ;
; ula_operation[1] ; HEX0[4]     ; 5.225 ; 5.328 ; 5.328 ; 5.225 ;
; ula_operation[1] ; HEX0[5]     ; 5.373 ; 5.270 ; 5.270 ; 5.373 ;
; ula_operation[1] ; HEX0[6]     ; 5.224 ; 5.224 ; 5.224 ; 5.224 ;
; ula_operation[1] ; HEX1[0]     ; 6.279 ; 6.201 ; 6.201 ; 6.279 ;
; ula_operation[1] ; HEX1[1]     ; 5.752 ; 5.697 ; 5.697 ; 5.752 ;
; ula_operation[1] ; HEX1[2]     ; 5.861 ; 5.966 ; 5.966 ; 5.861 ;
; ula_operation[1] ; HEX1[3]     ; 5.743 ; 5.691 ; 5.691 ; 5.743 ;
; ula_operation[1] ; HEX1[4]     ; 5.664 ; 5.610 ; 5.610 ; 5.664 ;
; ula_operation[1] ; HEX1[5]     ; 5.938 ; 5.887 ; 5.887 ; 5.938 ;
; ula_operation[1] ; HEX1[6]     ; 5.988 ; 5.956 ; 5.956 ; 5.988 ;
; ula_operation[1] ; HEX2[0]     ; 5.197 ; 5.848 ; 5.848 ; 5.197 ;
; ula_operation[1] ; HEX2[3]     ; 5.224 ; 5.875 ; 5.875 ; 5.224 ;
; ula_operation[1] ; HEX2[4]     ; 4.991 ; 5.642 ; 5.642 ; 4.991 ;
; ula_operation[1] ; HEX2[5]     ; 4.981 ; 5.632 ; 5.632 ; 4.981 ;
; ula_operation[1] ; result[0]   ; 4.249 ; 4.238 ; 4.238 ; 4.249 ;
; ula_operation[1] ; result[1]   ; 4.743 ; 4.116 ; 4.116 ; 4.743 ;
; ula_operation[1] ; result[2]   ; 5.000 ; 4.119 ; 4.119 ; 5.000 ;
; ula_operation[1] ; result[3]   ; 4.381 ; 4.377 ; 4.377 ; 4.381 ;
; ula_operation[1] ; result[4]   ; 4.259 ;       ;       ; 4.259 ;
; ula_operation[1] ; result[5]   ; 4.189 ;       ;       ; 4.189 ;
; ula_operation[1] ; result[6]   ; 3.709 ;       ;       ; 3.709 ;
; ula_operation[2] ; HEX0[0]     ; 5.473 ; 5.569 ; 5.569 ; 5.473 ;
; ula_operation[2] ; HEX0[1]     ; 5.515 ; 5.515 ; 5.515 ; 5.515 ;
; ula_operation[2] ; HEX0[2]     ; 5.724 ; 5.637 ; 5.637 ; 5.724 ;
; ula_operation[2] ; HEX0[3]     ; 5.588 ; 5.588 ; 5.588 ; 5.588 ;
; ula_operation[2] ; HEX0[4]     ; 5.542 ; 5.645 ; 5.645 ; 5.542 ;
; ula_operation[2] ; HEX0[5]     ; 5.835 ; 5.587 ; 5.587 ; 5.835 ;
; ula_operation[2] ; HEX0[6]     ; 5.541 ; 5.541 ; 5.541 ; 5.541 ;
; ula_operation[2] ; HEX1[0]     ; 6.374 ; 6.452 ; 6.452 ; 6.374 ;
; ula_operation[2] ; HEX1[1]     ; 5.870 ; 5.925 ; 5.925 ; 5.870 ;
; ula_operation[2] ; HEX1[2]     ; 6.139 ; 6.139 ; 6.139 ; 6.139 ;
; ula_operation[2] ; HEX1[3]     ; 5.864 ; 5.916 ; 5.916 ; 5.864 ;
; ula_operation[2] ; HEX1[4]     ; 5.783 ; 5.837 ; 5.837 ; 5.783 ;
; ula_operation[2] ; HEX1[5]     ; 6.060 ; 6.111 ; 6.111 ; 6.060 ;
; ula_operation[2] ; HEX1[6]     ; 6.129 ; 6.161 ; 6.161 ; 6.129 ;
; ula_operation[2] ; HEX2[0]     ; 6.588 ; 5.275 ; 5.275 ; 6.588 ;
; ula_operation[2] ; HEX2[3]     ; 6.615 ; 5.302 ; 5.302 ; 6.615 ;
; ula_operation[2] ; HEX2[4]     ; 6.382 ; 5.069 ; 5.069 ; 6.382 ;
; ula_operation[2] ; HEX2[5]     ; 6.372 ; 5.059 ; 5.059 ; 6.372 ;
; ula_operation[2] ; result[0]   ; 4.711 ; 4.555 ; 4.555 ; 4.711 ;
; ula_operation[2] ; result[1]   ; 4.783 ; 4.433 ; 4.433 ; 4.783 ;
; ula_operation[2] ; result[2]   ; 4.984 ; 4.436 ; 4.436 ; 4.984 ;
; ula_operation[2] ; result[3]   ; 4.795 ; 4.530 ; 4.530 ; 4.795 ;
; ula_operation[2] ; result[4]   ;       ; 4.188 ; 4.188 ;       ;
; ula_operation[2] ; result[5]   ;       ; 4.118 ; 4.118 ;       ;
; ula_operation[2] ; result[6]   ;       ; 3.895 ; 3.895 ;       ;
; ula_operation[3] ; HEX0[0]     ; 4.480 ; 4.527 ; 4.527 ; 4.480 ;
; ula_operation[3] ; HEX0[1]     ; 4.522 ; 4.522 ; 4.522 ; 4.522 ;
; ula_operation[3] ; HEX0[2]     ; 4.682 ; 4.644 ; 4.644 ; 4.682 ;
; ula_operation[3] ; HEX0[3]     ; 4.595 ; 4.595 ; 4.595 ; 4.595 ;
; ula_operation[3] ; HEX0[4]     ; 4.549 ; 4.603 ; 4.603 ; 4.549 ;
; ula_operation[3] ; HEX0[5]     ; 4.949 ; 4.594 ; 4.594 ; 4.949 ;
; ula_operation[3] ; HEX0[6]     ; 4.548 ; 4.548 ; 4.548 ; 4.548 ;
; ula_operation[3] ; HEX1[0]     ; 5.838 ; 5.838 ; 5.838 ; 5.838 ;
; ula_operation[3] ; HEX1[1]     ; 5.325 ; 5.325 ; 5.325 ; 5.325 ;
; ula_operation[3] ; HEX1[2]     ; 5.185 ; 5.540 ; 5.540 ; 5.185 ;
; ula_operation[3] ; HEX1[3]     ; 5.312 ; 5.312 ; 5.312 ; 5.312 ;
; ula_operation[3] ; HEX1[4]     ; 5.600 ; 5.245 ; 5.245 ; 5.600 ;
; ula_operation[3] ; HEX1[5]     ; 5.876 ; 5.521 ; 5.521 ; 5.876 ;
; ula_operation[3] ; HEX1[6]     ; 5.927 ; 5.572 ; 5.572 ; 5.927 ;
; ula_operation[3] ; HEX2[0]     ; 5.527 ; 5.181 ; 5.181 ; 5.527 ;
; ula_operation[3] ; HEX2[3]     ; 5.554 ; 5.208 ; 5.208 ; 5.554 ;
; ula_operation[3] ; HEX2[4]     ; 5.321 ; 4.975 ; 4.975 ; 5.321 ;
; ula_operation[3] ; HEX2[5]     ; 5.311 ; 4.965 ; 4.965 ; 5.311 ;
; ula_operation[3] ; result[0]   ; 3.917 ; 3.513 ; 3.513 ; 3.917 ;
; ula_operation[3] ; result[1]   ; 3.795 ; 3.440 ; 3.440 ; 3.795 ;
; ula_operation[3] ; result[2]   ; 3.798 ; 3.452 ; 3.452 ; 3.798 ;
; ula_operation[3] ; result[3]   ; 4.176 ; 3.591 ; 3.591 ; 4.176 ;
; ula_operation[3] ; result[4]   ;       ; 4.214 ; 4.214 ;       ;
; ula_operation[3] ; result[5]   ;       ; 4.142 ; 4.142 ;       ;
; ula_operation[3] ; result[6]   ;       ; 3.796 ; 3.796 ;       ;
+------------------+-------------+-------+-------+-------+-------+


-------------------
; Clock Transfers ;
-------------------
Nothing to report.


---------------
; Report TCCS ;
---------------
No dedicated SERDES Transmitter circuitry present in device or used in design


---------------
; Report RSKM ;
---------------
No dedicated SERDES Receiver circuitry present in device or used in design


+------------------------------------------------+
; Unconstrained Paths                            ;
+---------------------------------+-------+------+
; Property                        ; Setup ; Hold ;
+---------------------------------+-------+------+
; Illegal Clocks                  ; 0     ; 0    ;
; Unconstrained Clocks            ; 0     ; 0    ;
; Unconstrained Input Ports       ; 10    ; 10   ;
; Unconstrained Input Port Paths  ; 114   ; 114  ;
; Unconstrained Output Ports      ; 25    ; 25   ;
; Unconstrained Output Port Paths ; 275   ; 275  ;
+---------------------------------+-------+------+


+------------------------------------+
; TimeQuest Timing Analyzer Messages ;
+------------------------------------+
Info: *******************************************************************
Info: Running Quartus II 64-Bit TimeQuest Timing Analyzer
    Info: Version 13.0.1 Build 232 06/12/2013 Service Pack 1.78 SJ Web Edition
    Info: Processing started: Wed Nov  9 15:58:31 2016
Info: Command: quartus_sta processinho -c processinho
Info: qsta_default_script.tcl version: #1
Warning (20028): Parallel compilation is not licensed and has been disabled
Info (21077): Low junction temperature is 0 degrees C
Info (21077): High junction temperature is 85 degrees C
Critical Warning (332012): Synopsys Design Constraints File file not found: 'processinho.sdc'. A Synopsys Design Constraints File is required by the TimeQuest Timing Analyzer to get proper timing constraints. Without it, the Compiler will not properly optimize the design.
Info (332142): No user constrained base clocks found in the design. Calling "derive_clocks -period 1.0"
Info (332105): Deriving Clocks
    Info (332105): create_clock -period 1.000 -name clock clock
Info: Found TIMEQUEST_REPORT_SCRIPT_INCLUDE_DEFAULT_ANALYSIS = ON
Info: Analyzing Slow Model
Info (332140): No fmax paths to report
Info (332140): No Setup paths to report
Info (332140): No Hold paths to report
Info (332140): No Recovery paths to report
Info (332140): No Removal paths to report
Critical Warning (332148): Timing requirements not met
Info (332146): Worst-case minimum pulse width slack is -1.631
    Info (332119):     Slack End Point TNS Clock 
    Info (332119): ========= ============= =====================
    Info (332119):    -1.631       -10.185 clock 
Info (332001): The selected device family is not supported by the report_metastability command.
Info: Analyzing Fast Model
Info (332140): No Setup paths to report
Info (332140): No Hold paths to report
Info (332140): No Recovery paths to report
Info (332140): No Removal paths to report
Critical Warning (332148): Timing requirements not met
Info (332146): Worst-case minimum pulse width slack is -1.380
    Info (332119):     Slack End Point TNS Clock 
    Info (332119): ========= ============= =====================
    Info (332119):    -1.380        -8.380 clock 
Info (332001): The selected device family is not supported by the report_metastability command.
Info (332102): Design is not fully constrained for setup requirements
Info (332102): Design is not fully constrained for hold requirements
Info: Quartus II 64-Bit TimeQuest Timing Analyzer was successful. 0 errors, 4 warnings
    Info: Peak virtual memory: 600 megabytes
    Info: Processing ended: Wed Nov  9 15:58:31 2016
    Info: Elapsed time: 00:00:00
    Info: Total CPU time (on all processors): 00:00:00


